
*** Running vivado
    with args -log design_fp_invsqrt_floating_point_0_0.vds -m64 -product Vivado -mode batch -messageDb vivado.pb -notrace -source design_fp_invsqrt_floating_point_0_0.tcl


****** Vivado v2018.3 (64-bit)
  **** SW Build 2405991 on Thu Dec  6 23:36:41 MST 2018
  **** IP Build 2404404 on Fri Dec  7 01:43:56 MST 2018
    ** Copyright 1986-2018 Xilinx, Inc. All Rights Reserved.

source design_fp_invsqrt_floating_point_0_0.tcl -notrace
Command: synth_design -top design_fp_invsqrt_floating_point_0_0 -part xczu3eg-sbva484-1-i -mode out_of_context
Starting synth_design
Attempting to get a license for feature 'Synthesis' and/or device 'xczu3eg'
INFO: [Common 17-349] Got license for feature 'Synthesis' and/or device 'xczu3eg'
INFO: Launching helper process for spawning children vivado processes
INFO: Helper process launched with PID 119533 
---------------------------------------------------------------------------------
Starting RTL Elaboration : Time (s): cpu = 00:00:03 ; elapsed = 00:00:10 . Memory (MB): peak = 1416.461 ; gain = 60.023 ; free physical = 45927 ; free virtual = 52948
---------------------------------------------------------------------------------
INFO: [Synth 8-638] synthesizing module 'design_fp_invsqrt_floating_point_0_0' [/home/call_me_utka/Documents/Projects/aes-ultra96-v2-playground/nbody_simulation/nbody/nbodyproj.srcs/sources_1/bd/design_fp_invsqrt/ip/design_fp_invsqrt_floating_point_0_0/synth/design_fp_invsqrt_floating_point_0_0.vhd:69]
	Parameter C_XDEVICEFAMILY bound to: zynquplus - type: string 
	Parameter C_HAS_ADD bound to: 0 - type: integer 
	Parameter C_HAS_SUBTRACT bound to: 0 - type: integer 
	Parameter C_HAS_MULTIPLY bound to: 0 - type: integer 
	Parameter C_HAS_DIVIDE bound to: 0 - type: integer 
	Parameter C_HAS_SQRT bound to: 0 - type: integer 
	Parameter C_HAS_COMPARE bound to: 0 - type: integer 
	Parameter C_HAS_FIX_TO_FLT bound to: 0 - type: integer 
	Parameter C_HAS_FLT_TO_FIX bound to: 0 - type: integer 
	Parameter C_HAS_FLT_TO_FLT bound to: 0 - type: integer 
	Parameter C_HAS_RECIP bound to: 0 - type: integer 
	Parameter C_HAS_RECIP_SQRT bound to: 1 - type: integer 
	Parameter C_HAS_ABSOLUTE bound to: 0 - type: integer 
	Parameter C_HAS_LOGARITHM bound to: 0 - type: integer 
	Parameter C_HAS_EXPONENTIAL bound to: 0 - type: integer 
	Parameter C_HAS_FMA bound to: 0 - type: integer 
	Parameter C_HAS_FMS bound to: 0 - type: integer 
	Parameter C_HAS_ACCUMULATOR_A bound to: 0 - type: integer 
	Parameter C_HAS_ACCUMULATOR_S bound to: 0 - type: integer 
	Parameter C_A_WIDTH bound to: 32 - type: integer 
	Parameter C_A_FRACTION_WIDTH bound to: 24 - type: integer 
	Parameter C_B_WIDTH bound to: 32 - type: integer 
	Parameter C_B_FRACTION_WIDTH bound to: 24 - type: integer 
	Parameter C_C_WIDTH bound to: 32 - type: integer 
	Parameter C_C_FRACTION_WIDTH bound to: 24 - type: integer 
	Parameter C_RESULT_WIDTH bound to: 32 - type: integer 
	Parameter C_RESULT_FRACTION_WIDTH bound to: 24 - type: integer 
	Parameter C_COMPARE_OPERATION bound to: 8 - type: integer 
	Parameter C_LATENCY bound to: 20 - type: integer 
	Parameter C_OPTIMIZATION bound to: 1 - type: integer 
	Parameter C_MULT_USAGE bound to: 2 - type: integer 
	Parameter C_BRAM_USAGE bound to: 0 - type: integer 
	Parameter C_RATE bound to: 1 - type: integer 
	Parameter C_ACCUM_INPUT_MSB bound to: 32 - type: integer 
	Parameter C_ACCUM_MSB bound to: 32 - type: integer 
	Parameter C_ACCUM_LSB bound to: -31 - type: integer 
	Parameter C_HAS_UNDERFLOW bound to: 0 - type: integer 
	Parameter C_HAS_OVERFLOW bound to: 0 - type: integer 
	Parameter C_HAS_INVALID_OP bound to: 0 - type: integer 
	Parameter C_HAS_DIVIDE_BY_ZERO bound to: 0 - type: integer 
	Parameter C_HAS_ACCUM_OVERFLOW bound to: 0 - type: integer 
	Parameter C_HAS_ACCUM_INPUT_OVERFLOW bound to: 0 - type: integer 
	Parameter C_HAS_ACLKEN bound to: 0 - type: integer 
	Parameter C_HAS_ARESETN bound to: 0 - type: integer 
	Parameter C_THROTTLE_SCHEME bound to: 3 - type: integer 
	Parameter C_HAS_A_TUSER bound to: 0 - type: integer 
	Parameter C_HAS_A_TLAST bound to: 0 - type: integer 
	Parameter C_HAS_B bound to: 0 - type: integer 
	Parameter C_HAS_B_TUSER bound to: 0 - type: integer 
	Parameter C_HAS_B_TLAST bound to: 0 - type: integer 
	Parameter C_HAS_C bound to: 0 - type: integer 
	Parameter C_HAS_C_TUSER bound to: 0 - type: integer 
	Parameter C_HAS_C_TLAST bound to: 0 - type: integer 
	Parameter C_HAS_OPERATION bound to: 0 - type: integer 
	Parameter C_HAS_OPERATION_TUSER bound to: 0 - type: integer 
	Parameter C_HAS_OPERATION_TLAST bound to: 0 - type: integer 
	Parameter C_HAS_RESULT_TUSER bound to: 0 - type: integer 
	Parameter C_HAS_RESULT_TLAST bound to: 0 - type: integer 
	Parameter C_TLAST_RESOLUTION bound to: 0 - type: integer 
	Parameter C_A_TDATA_WIDTH bound to: 32 - type: integer 
	Parameter C_A_TUSER_WIDTH bound to: 1 - type: integer 
	Parameter C_B_TDATA_WIDTH bound to: 32 - type: integer 
	Parameter C_B_TUSER_WIDTH bound to: 1 - type: integer 
	Parameter C_C_TDATA_WIDTH bound to: 32 - type: integer 
	Parameter C_C_TUSER_WIDTH bound to: 1 - type: integer 
	Parameter C_OPERATION_TDATA_WIDTH bound to: 8 - type: integer 
	Parameter C_OPERATION_TUSER_WIDTH bound to: 1 - type: integer 
	Parameter C_RESULT_TDATA_WIDTH bound to: 32 - type: integer 
	Parameter C_RESULT_TUSER_WIDTH bound to: 1 - type: integer 
	Parameter C_FIXED_DATA_UNSIGNED bound to: 0 - type: integer 
INFO: [Synth 8-3491] module 'floating_point_v7_1_7' declared at '/home/call_me_utka/Documents/Projects/aes-ultra96-v2-playground/nbody_simulation/nbody/nbodyproj.srcs/sources_1/bd/design_fp_invsqrt/ipshared/c63e/hdl/floating_point_v7_1_vh_rfs.vhd:91615' bound to instance 'U0' of component 'floating_point_v7_1_7' [/home/call_me_utka/Documents/Projects/aes-ultra96-v2-playground/nbody_simulation/nbody/nbodyproj.srcs/sources_1/bd/design_fp_invsqrt/ip/design_fp_invsqrt_floating_point_0_0/synth/design_fp_invsqrt_floating_point_0_0.vhd:210]
WARNING: [Synth 8-5974] attribute "use_dsp48" has been deprecated, please use "use_dsp" instead 
INFO: [Synth 8-5811] Detected attribute (* ram_style  = "distributed" *) on module flt_recip_approx 
WARNING: [Synth 8-5974] attribute "use_dsp48" has been deprecated, please use "use_dsp" instead 
WARNING: [Synth 8-5974] attribute "use_dsp48" has been deprecated, please use "use_dsp" instead 
INFO: [Synth 8-256] done synthesizing module 'design_fp_invsqrt_floating_point_0_0' (21#1) [/home/call_me_utka/Documents/Projects/aes-ultra96-v2-playground/nbody_simulation/nbody/nbodyproj.srcs/sources_1/bd/design_fp_invsqrt/ip/design_fp_invsqrt_floating_point_0_0/synth/design_fp_invsqrt_floating_point_0_0.vhd:69]
WARNING: [Synth 8-3331] design xbip_pipe_v3_0_5_viv__parameterized61 has unconnected port CLK
WARNING: [Synth 8-3331] design xbip_pipe_v3_0_5_viv__parameterized61 has unconnected port CE
WARNING: [Synth 8-3331] design xbip_pipe_v3_0_5_viv__parameterized61 has unconnected port SCLR
WARNING: [Synth 8-3331] design xbip_pipe_v3_0_5_viv__parameterized61 has unconnected port SSET
WARNING: [Synth 8-3331] design xbip_pipe_v3_0_5_viv__parameterized61 has unconnected port SINIT
WARNING: [Synth 8-3331] design xbip_pipe_v3_0_5_viv__parameterized59 has unconnected port SCLR
WARNING: [Synth 8-3331] design xbip_pipe_v3_0_5_viv__parameterized59 has unconnected port SSET
WARNING: [Synth 8-3331] design xbip_pipe_v3_0_5_viv__parameterized59 has unconnected port SINIT
WARNING: [Synth 8-3331] design xbip_pipe_v3_0_5_viv__parameterized57 has unconnected port SCLR
WARNING: [Synth 8-3331] design xbip_pipe_v3_0_5_viv__parameterized57 has unconnected port SSET
WARNING: [Synth 8-3331] design xbip_pipe_v3_0_5_viv__parameterized57 has unconnected port SINIT
WARNING: [Synth 8-3331] design xbip_pipe_v3_0_5_viv__parameterized69 has unconnected port CLK
WARNING: [Synth 8-3331] design xbip_pipe_v3_0_5_viv__parameterized69 has unconnected port CE
WARNING: [Synth 8-3331] design xbip_pipe_v3_0_5_viv__parameterized69 has unconnected port SCLR
WARNING: [Synth 8-3331] design xbip_pipe_v3_0_5_viv__parameterized69 has unconnected port SSET
WARNING: [Synth 8-3331] design xbip_pipe_v3_0_5_viv__parameterized69 has unconnected port SINIT
WARNING: [Synth 8-3331] design xbip_pipe_v3_0_5_viv__parameterized67 has unconnected port SCLR
WARNING: [Synth 8-3331] design xbip_pipe_v3_0_5_viv__parameterized67 has unconnected port SSET
WARNING: [Synth 8-3331] design xbip_pipe_v3_0_5_viv__parameterized67 has unconnected port SINIT
WARNING: [Synth 8-3331] design xbip_pipe_v3_0_5_viv__parameterized65 has unconnected port CLK
WARNING: [Synth 8-3331] design xbip_pipe_v3_0_5_viv__parameterized65 has unconnected port CE
WARNING: [Synth 8-3331] design xbip_pipe_v3_0_5_viv__parameterized65 has unconnected port SCLR
WARNING: [Synth 8-3331] design xbip_pipe_v3_0_5_viv__parameterized65 has unconnected port SSET
WARNING: [Synth 8-3331] design xbip_pipe_v3_0_5_viv__parameterized65 has unconnected port SINIT
WARNING: [Synth 8-3331] design delay_line has unconnected port CLK
WARNING: [Synth 8-3331] design delay_line has unconnected port CE
WARNING: [Synth 8-3331] design delay_line has unconnected port SCLR
WARNING: [Synth 8-3331] design delay_line__parameterized3 has unconnected port SCLR
WARNING: [Synth 8-3331] design delay_line__parameterized2 has unconnected port CLK
WARNING: [Synth 8-3331] design delay_line__parameterized2 has unconnected port CE
WARNING: [Synth 8-3331] design delay_line__parameterized2 has unconnected port SCLR
WARNING: [Synth 8-3331] design delay_line__parameterized1 has unconnected port CLK
WARNING: [Synth 8-3331] design delay_line__parameterized1 has unconnected port CE
WARNING: [Synth 8-3331] design delay_line__parameterized1 has unconnected port SCLR
WARNING: [Synth 8-3331] design delay_line__parameterized0 has unconnected port CLK
WARNING: [Synth 8-3331] design delay_line__parameterized0 has unconnected port CE
WARNING: [Synth 8-3331] design delay_line__parameterized0 has unconnected port SCLR
WARNING: [Synth 8-3331] design dsp__parameterized3 has unconnected port D_PORT[24]
WARNING: [Synth 8-3331] design dsp__parameterized3 has unconnected port D_PORT[23]
WARNING: [Synth 8-3331] design dsp__parameterized3 has unconnected port D_PORT[22]
WARNING: [Synth 8-3331] design dsp__parameterized3 has unconnected port D_PORT[21]
WARNING: [Synth 8-3331] design dsp__parameterized3 has unconnected port D_PORT[20]
WARNING: [Synth 8-3331] design dsp__parameterized3 has unconnected port D_PORT[19]
WARNING: [Synth 8-3331] design dsp__parameterized3 has unconnected port D_PORT[18]
WARNING: [Synth 8-3331] design dsp__parameterized3 has unconnected port D_PORT[17]
WARNING: [Synth 8-3331] design dsp__parameterized3 has unconnected port D_PORT[16]
WARNING: [Synth 8-3331] design dsp__parameterized3 has unconnected port D_PORT[15]
WARNING: [Synth 8-3331] design dsp__parameterized3 has unconnected port D_PORT[14]
WARNING: [Synth 8-3331] design dsp__parameterized3 has unconnected port D_PORT[13]
WARNING: [Synth 8-3331] design dsp__parameterized3 has unconnected port D_PORT[12]
WARNING: [Synth 8-3331] design dsp__parameterized3 has unconnected port D_PORT[11]
WARNING: [Synth 8-3331] design dsp__parameterized3 has unconnected port D_PORT[10]
WARNING: [Synth 8-3331] design dsp__parameterized3 has unconnected port D_PORT[9]
WARNING: [Synth 8-3331] design dsp__parameterized3 has unconnected port D_PORT[8]
WARNING: [Synth 8-3331] design dsp__parameterized3 has unconnected port D_PORT[7]
WARNING: [Synth 8-3331] design dsp__parameterized3 has unconnected port D_PORT[6]
WARNING: [Synth 8-3331] design dsp__parameterized3 has unconnected port D_PORT[5]
WARNING: [Synth 8-3331] design dsp__parameterized3 has unconnected port D_PORT[4]
WARNING: [Synth 8-3331] design dsp__parameterized3 has unconnected port D_PORT[3]
WARNING: [Synth 8-3331] design dsp__parameterized3 has unconnected port D_PORT[2]
WARNING: [Synth 8-3331] design dsp__parameterized3 has unconnected port D_PORT[1]
WARNING: [Synth 8-3331] design dsp__parameterized3 has unconnected port D_PORT[0]
WARNING: [Synth 8-3331] design dsp__parameterized3 has unconnected port SUBTRACT
WARNING: [Synth 8-3331] design dsp__parameterized3 has unconnected port CARRY_IN
WARNING: [Synth 8-3331] design xbip_pipe_v3_0_5_viv__parameterized63 has unconnected port SCLR
WARNING: [Synth 8-3331] design xbip_pipe_v3_0_5_viv__parameterized63 has unconnected port SSET
WARNING: [Synth 8-3331] design xbip_pipe_v3_0_5_viv__parameterized63 has unconnected port SINIT
WARNING: [Synth 8-3331] design xbip_pipe_v3_0_5_viv__parameterized71 has unconnected port CLK
WARNING: [Synth 8-3331] design xbip_pipe_v3_0_5_viv__parameterized71 has unconnected port CE
WARNING: [Synth 8-3331] design xbip_pipe_v3_0_5_viv__parameterized71 has unconnected port SCLR
WARNING: [Synth 8-3331] design xbip_pipe_v3_0_5_viv__parameterized71 has unconnected port SSET
WARNING: [Synth 8-3331] design xbip_pipe_v3_0_5_viv__parameterized71 has unconnected port SINIT
WARNING: [Synth 8-3331] design multadd__parameterized2 has unconnected port d[0]
WARNING: [Synth 8-3331] design flt_recip_postprocess has unconnected port b1_preadd_b[0]
WARNING: [Synth 8-3331] design xbip_pipe_v3_0_5_viv__parameterized41 has unconnected port CLK
WARNING: [Synth 8-3331] design xbip_pipe_v3_0_5_viv__parameterized41 has unconnected port CE
WARNING: [Synth 8-3331] design xbip_pipe_v3_0_5_viv__parameterized41 has unconnected port SCLR
WARNING: [Synth 8-3331] design xbip_pipe_v3_0_5_viv__parameterized41 has unconnected port SSET
WARNING: [Synth 8-3331] design xbip_pipe_v3_0_5_viv__parameterized41 has unconnected port SINIT
WARNING: [Synth 8-3331] design xbip_pipe_v3_0_5_viv__parameterized45 has unconnected port CLK
WARNING: [Synth 8-3331] design xbip_pipe_v3_0_5_viv__parameterized45 has unconnected port CE
WARNING: [Synth 8-3331] design xbip_pipe_v3_0_5_viv__parameterized45 has unconnected port SCLR
WARNING: [Synth 8-3331] design xbip_pipe_v3_0_5_viv__parameterized45 has unconnected port SSET
WARNING: [Synth 8-3331] design xbip_pipe_v3_0_5_viv__parameterized45 has unconnected port SINIT
WARNING: [Synth 8-3331] design xbip_pipe_v3_0_5_viv__parameterized47 has unconnected port CLK
WARNING: [Synth 8-3331] design xbip_pipe_v3_0_5_viv__parameterized47 has unconnected port CE
WARNING: [Synth 8-3331] design xbip_pipe_v3_0_5_viv__parameterized47 has unconnected port SCLR
WARNING: [Synth 8-3331] design xbip_pipe_v3_0_5_viv__parameterized47 has unconnected port SSET
WARNING: [Synth 8-3331] design xbip_pipe_v3_0_5_viv__parameterized47 has unconnected port SINIT
WARNING: [Synth 8-3331] design xbip_pipe_v3_0_5_viv__parameterized43 has unconnected port CLK
WARNING: [Synth 8-3331] design xbip_pipe_v3_0_5_viv__parameterized43 has unconnected port CE
WARNING: [Synth 8-3331] design xbip_pipe_v3_0_5_viv__parameterized43 has unconnected port SCLR
WARNING: [Synth 8-3331] design xbip_pipe_v3_0_5_viv__parameterized43 has unconnected port SSET
WARNING: [Synth 8-3331] design xbip_pipe_v3_0_5_viv__parameterized43 has unconnected port SINIT
WARNING: [Synth 8-3331] design xbip_pipe_v3_0_5_viv__parameterized13 has unconnected port CLK
WARNING: [Synth 8-3331] design xbip_pipe_v3_0_5_viv__parameterized13 has unconnected port CE
WARNING: [Synth 8-3331] design xbip_pipe_v3_0_5_viv__parameterized13 has unconnected port SCLR
WARNING: [Synth 8-3331] design xbip_pipe_v3_0_5_viv__parameterized13 has unconnected port SSET
WARNING: [Synth 8-3331] design xbip_pipe_v3_0_5_viv__parameterized13 has unconnected port SINIT
WARNING: [Synth 8-3331] design xbip_pipe_v3_0_5_viv__parameterized15 has unconnected port CLK
INFO: [Common 17-14] Message 'Synth 8-3331' appears 100 times and further instances of the messages will be disabled. Use the Tcl command set_msg_config to change the current settings.
---------------------------------------------------------------------------------
Finished RTL Elaboration : Time (s): cpu = 00:00:11 ; elapsed = 00:00:24 . Memory (MB): peak = 1546.211 ; gain = 189.773 ; free physical = 41129 ; free virtual = 48152
---------------------------------------------------------------------------------

Report Check Netlist: 
+------+------------------+-------+---------+-------+------------------+
|      |Item              |Errors |Warnings |Status |Description       |
+------+------------------+-------+---------+-------+------------------+
|1     |multi_driven_nets |      0|        0|Passed |Multi driven nets |
+------+------------------+-------+---------+-------+------------------+
---------------------------------------------------------------------------------
Start Handling Custom Attributes
---------------------------------------------------------------------------------
---------------------------------------------------------------------------------
Finished Handling Custom Attributes : Time (s): cpu = 00:00:11 ; elapsed = 00:00:24 . Memory (MB): peak = 1546.211 ; gain = 189.773 ; free physical = 41131 ; free virtual = 48154
---------------------------------------------------------------------------------
---------------------------------------------------------------------------------
Finished RTL Optimization Phase 1 : Time (s): cpu = 00:00:11 ; elapsed = 00:00:24 . Memory (MB): peak = 1546.211 ; gain = 189.773 ; free physical = 41131 ; free virtual = 48154
---------------------------------------------------------------------------------
INFO: [Netlist 29-17] Analyzing 44 Unisim elements for replacement
INFO: [Netlist 29-28] Unisim Transformation completed in 0 CPU seconds
INFO: [Device 21-403] Loading part xczu3eg-sbva484-1-i
INFO: [Project 1-570] Preparing netlist for logic optimization

Processing XDC Constraints
Initializing timing engine
Parsing XDC File [/home/call_me_utka/Documents/Projects/aes-ultra96-v2-playground/nbody_simulation/nbody/nbodyproj.srcs/sources_1/bd/design_fp_invsqrt/ip/design_fp_invsqrt_floating_point_0_0/design_fp_invsqrt_floating_point_0_0_ooc.xdc] for cell 'U0'
Finished Parsing XDC File [/home/call_me_utka/Documents/Projects/aes-ultra96-v2-playground/nbody_simulation/nbody/nbodyproj.srcs/sources_1/bd/design_fp_invsqrt/ip/design_fp_invsqrt_floating_point_0_0/design_fp_invsqrt_floating_point_0_0_ooc.xdc] for cell 'U0'
Parsing XDC File [/home/call_me_utka/Documents/Projects/aes-ultra96-v2-playground/nbody_simulation/nbody/nbodyproj.runs/design_fp_invsqrt_floating_point_0_0_synth_1/dont_touch.xdc]
Finished Parsing XDC File [/home/call_me_utka/Documents/Projects/aes-ultra96-v2-playground/nbody_simulation/nbody/nbodyproj.runs/design_fp_invsqrt_floating_point_0_0_synth_1/dont_touch.xdc]
Completed Processing XDC Constraints

Netlist sorting complete. Time (s): cpu = 00:00:00 ; elapsed = 00:00:00 . Memory (MB): peak = 2374.000 ; gain = 0.000 ; free physical = 38040 ; free virtual = 45086
INFO: [Project 1-111] Unisim Transformation Summary:
  A total of 44 instances were transformed.
  DSP48E1 => DSP48E2 (DSP_ALU, DSP_A_B_DATA, DSP_C_DATA, DSP_MULTIPLIER, DSP_M_DATA, DSP_OUTPUT, DSP_PREADD_DATA, DSP_PREADD): 1 instances
  DSP48E2 => DSP48E2 (DSP_ALU, DSP_A_B_DATA, DSP_C_DATA, DSP_MULTIPLIER, DSP_M_DATA, DSP_OUTPUT, DSP_PREADD_DATA, DSP_PREADD): 5 instances
  FDE => FDRE: 38 instances

Netlist sorting complete. Time (s): cpu = 00:00:00 ; elapsed = 00:00:00 . Memory (MB): peak = 2374.000 ; gain = 0.000 ; free physical = 38039 ; free virtual = 45085
Constraint Validation Runtime : Time (s): cpu = 00:00:00.06 ; elapsed = 00:00:00.05 . Memory (MB): peak = 2374.000 ; gain = 0.000 ; free physical = 38037 ; free virtual = 45084
---------------------------------------------------------------------------------
Finished Constraint Validation : Time (s): cpu = 00:00:21 ; elapsed = 00:00:54 . Memory (MB): peak = 2374.000 ; gain = 1017.562 ; free physical = 37654 ; free virtual = 44702
---------------------------------------------------------------------------------
---------------------------------------------------------------------------------
Start Loading Part and Timing Information
---------------------------------------------------------------------------------
Loading part: xczu3eg-sbva484-1-i
INFO: [Synth 8-6742] Reading net delay rules and data
---------------------------------------------------------------------------------
Finished Loading Part and Timing Information : Time (s): cpu = 00:00:21 ; elapsed = 00:00:54 . Memory (MB): peak = 2374.000 ; gain = 1017.562 ; free physical = 37654 ; free virtual = 44702
---------------------------------------------------------------------------------
---------------------------------------------------------------------------------
Start Applying 'set_property' XDC Constraints
---------------------------------------------------------------------------------
Applied set_property DONT_TOUCH = true for U0. (constraint file  /home/call_me_utka/Documents/Projects/aes-ultra96-v2-playground/nbody_simulation/nbody/nbodyproj.runs/design_fp_invsqrt_floating_point_0_0_synth_1/dont_touch.xdc, line 9).
---------------------------------------------------------------------------------
Finished applying 'set_property' XDC Constraints : Time (s): cpu = 00:00:21 ; elapsed = 00:00:54 . Memory (MB): peak = 2374.000 ; gain = 1017.562 ; free physical = 37646 ; free virtual = 44695
---------------------------------------------------------------------------------
INFO: [Synth 8-5546] ROM "exp_all_one_ip" won't be mapped to RAM because it is too sparse
INFO: [Synth 8-5546] ROM "exp_all_zero_ip" won't be mapped to RAM because it is too sparse
INFO: [Synth 8-5545] ROM "chunk_is_zero_ip" won't be mapped to RAM because address size (36) is larger than maximum supported(25)
INFO: [Synth 8-5544] ROM "divide_by_zero_int" won't be mapped to Block RAM because address size (2) smaller than threshold (5)
---------------------------------------------------------------------------------
Finished RTL Optimization Phase 2 : Time (s): cpu = 00:00:22 ; elapsed = 00:00:56 . Memory (MB): peak = 2374.000 ; gain = 1017.562 ; free physical = 37179 ; free virtual = 44228
---------------------------------------------------------------------------------
INFO: [Synth 8-223] decloning instance 'U0/i_synth/DELAY_OVERFLOW' (delay__parameterized13) to 'U0/i_synth/DELAY_ACCUM_OVERFLOW'
INFO: [Synth 8-223] decloning instance 'U0/i_synth/DELAY_OVERFLOW' (delay__parameterized13) to 'U0/i_synth/DELAY_ACCUM_INPUT_OVERFLOW'

Report RTL Partitions: 
+-+--------------+------------+----------+
| |RTL Partition |Replication |Instances |
+-+--------------+------------+----------+
+-+--------------+------------+----------+
---------------------------------------------------------------------------------
Start RTL Component Statistics 
---------------------------------------------------------------------------------
---------------------------------------------------------------------------------
Finished RTL Component Statistics 
---------------------------------------------------------------------------------
---------------------------------------------------------------------------------
Start RTL Hierarchical Component Statistics 
---------------------------------------------------------------------------------
---------------------------------------------------------------------------------
Finished RTL Hierarchical Component Statistics
---------------------------------------------------------------------------------
---------------------------------------------------------------------------------
Start Part Resource Summary
---------------------------------------------------------------------------------
Part Resources:
DSPs: 360 (col length:72)
BRAMs: 432 (col length: RAMB18 72 RAMB36 36)
---------------------------------------------------------------------------------
Finished Part Resource Summary
---------------------------------------------------------------------------------
---------------------------------------------------------------------------------
Start Cross Boundary and Area Optimization
---------------------------------------------------------------------------------
Warning: Parallel synthesis criteria is not met 
INFO: [Synth 8-5546] ROM "RECIP_OP.OP/detect_special_case/detector/exp_all_one_ip" won't be mapped to RAM because it is too sparse
INFO: [Synth 8-5546] ROM "RECIP_OP.OP/detect_special_case/detector/exp_all_zero_ip" won't be mapped to RAM because it is too sparse
Why this net has no driver: _order_recur <const1>
INFO: [Synth 8-3886] merging instance 'U0/i_synth/RECIP_OP.OP/sign_and_exponent_delay_balance/i_pipe/opt_has_pipe.first_q_reg[0]' (FD) to 'U0/i_synth/RECIP_OP.OP/i_sp_or_dp.m_recip_sqrt.m_generation_sp.exponent_lsb_delay_balance/i_pipe/opt_has_pipe.first_q_reg[0]'
INFO: [Synth 8-3886] merging instance 'U0/i_synth/RECIP_OP.OP/sign_and_exponent_delay_balance/i_pipe/opt_has_pipe.i_pipe[2].pipe_reg[2][0]' (FD) to 'U0/i_synth/RECIP_OP.OP/i_sp_or_dp.m_recip_sqrt.m_generation_sp.exponent_lsb_delay_balance/i_pipe/opt_has_pipe.i_pipe[2].pipe_reg[2][0]'
INFO: [Synth 8-3886] merging instance 'U0/i_synth/RECIP_OP.OP/sign_and_exponent_delay_balance/i_pipe/opt_has_pipe.i_pipe[3].pipe_reg[3][0]' (FD) to 'U0/i_synth/RECIP_OP.OP/i_sp_or_dp.m_recip_sqrt.m_generation_sp.exponent_lsb_delay_balance/i_pipe/opt_has_pipe.i_pipe[3].pipe_reg[3][0]'
INFO: [Synth 8-3886] merging instance 'U0/i_synth/RECIP_OP.OP/sign_and_exponent_delay_balance/i_pipe/opt_has_pipe.i_pipe[4].pipe_reg[4][0]' (FD) to 'U0/i_synth/RECIP_OP.OP/i_sp_or_dp.m_recip_sqrt.m_generation_sp.exponent_lsb_delay_balance/i_pipe/opt_has_pipe.i_pipe[4].pipe_reg[4][0]'
INFO: [Synth 8-3886] merging instance 'U0/i_synth/RECIP_OP.OP/sign_and_exponent_delay_balance/i_pipe/opt_has_pipe.i_pipe[5].pipe_reg[5][0]' (FD) to 'U0/i_synth/RECIP_OP.OP/i_sp_or_dp.m_recip_sqrt.m_generation_sp.exponent_lsb_delay_balance/i_pipe/opt_has_pipe.i_pipe[5].pipe_reg[5][0]'
INFO: [Synth 8-3886] merging instance 'U0/i_synth/RECIP_OP.OP/i_sp_or_dp.y_reg/i_pipe/opt_has_pipe.first_q_reg[16]' (FD) to 'U0/i_synth/RECIP_OP.OP/i_sp_or_dp.reciprocal_estimate/recip_estimate_delay_balance/i_pipe/opt_has_pipe.first_q_reg[0]'
INFO: [Synth 8-3886] merging instance 'U0/i_synth/RECIP_OP.OP/i_sp_or_dp.y_reg/i_pipe/opt_has_pipe.first_q_reg[17]' (FD) to 'U0/i_synth/RECIP_OP.OP/i_sp_or_dp.reciprocal_estimate/recip_estimate_delay_balance/i_pipe/opt_has_pipe.first_q_reg[1]'
INFO: [Synth 8-3886] merging instance 'U0/i_synth/RECIP_OP.OP/i_sp_or_dp.y_reg/i_pipe/opt_has_pipe.first_q_reg[18]' (FD) to 'U0/i_synth/RECIP_OP.OP/i_sp_or_dp.reciprocal_estimate/recip_estimate_delay_balance/i_pipe/opt_has_pipe.first_q_reg[2]'
INFO: [Synth 8-3886] merging instance 'U0/i_synth/RECIP_OP.OP/i_sp_or_dp.y_reg/i_pipe/opt_has_pipe.first_q_reg[19]' (FD) to 'U0/i_synth/RECIP_OP.OP/i_sp_or_dp.reciprocal_estimate/recip_estimate_delay_balance/i_pipe/opt_has_pipe.first_q_reg[3]'
INFO: [Synth 8-3886] merging instance 'U0/i_synth/RECIP_OP.OP/i_sp_or_dp.y_reg/i_pipe/opt_has_pipe.first_q_reg[20]' (FD) to 'U0/i_synth/RECIP_OP.OP/i_sp_or_dp.reciprocal_estimate/recip_estimate_delay_balance/i_pipe/opt_has_pipe.first_q_reg[4]'
INFO: [Synth 8-3886] merging instance 'U0/i_synth/RECIP_OP.OP/i_sp_or_dp.y_reg/i_pipe/opt_has_pipe.first_q_reg[21]' (FD) to 'U0/i_synth/RECIP_OP.OP/i_sp_or_dp.reciprocal_estimate/recip_estimate_delay_balance/i_pipe/opt_has_pipe.first_q_reg[5]'
INFO: [Synth 8-3886] merging instance 'U0/i_synth/RECIP_OP.OP/i_sp_or_dp.y_reg/i_pipe/opt_has_pipe.first_q_reg[22]' (FD) to 'U0/i_synth/RECIP_OP.OP/i_sp_or_dp.reciprocal_estimate/recip_estimate_delay_balance/i_pipe/opt_has_pipe.first_q_reg[6]'
INFO: [Synth 8-3886] merging instance 'U0/i_synth/RECIP_OP.OP/sign_and_exponent_delay_balance/i_pipe/opt_has_pipe.i_pipe[6].pipe_reg[6][0]' (FD) to 'U0/i_synth/RECIP_OP.OP/i_sp_or_dp.m_recip_sqrt.m_generation_sp.exponent_lsb_delay_balance/i_pipe/opt_has_pipe.i_pipe[6].pipe_reg[6][0]'
INFO: [Synth 8-3886] merging instance 'U0/i_synth/RECIP_OP.OP/i_sp_or_dp.y_reg/i_pipe/opt_has_pipe.i_pipe[2].pipe_reg[2][16]' (FD) to 'U0/i_synth/RECIP_OP.OP/i_sp_or_dp.reciprocal_estimate/recip_estimate_delay_balance/i_pipe/opt_has_pipe.i_pipe[2].pipe_reg[2][0]'
INFO: [Synth 8-3886] merging instance 'U0/i_synth/RECIP_OP.OP/i_sp_or_dp.y_reg/i_pipe/opt_has_pipe.i_pipe[2].pipe_reg[2][17]' (FD) to 'U0/i_synth/RECIP_OP.OP/i_sp_or_dp.reciprocal_estimate/recip_estimate_delay_balance/i_pipe/opt_has_pipe.i_pipe[2].pipe_reg[2][1]'
INFO: [Synth 8-3886] merging instance 'U0/i_synth/RECIP_OP.OP/i_sp_or_dp.y_reg/i_pipe/opt_has_pipe.i_pipe[2].pipe_reg[2][18]' (FD) to 'U0/i_synth/RECIP_OP.OP/i_sp_or_dp.reciprocal_estimate/recip_estimate_delay_balance/i_pipe/opt_has_pipe.i_pipe[2].pipe_reg[2][2]'
INFO: [Synth 8-3886] merging instance 'U0/i_synth/RECIP_OP.OP/i_sp_or_dp.y_reg/i_pipe/opt_has_pipe.i_pipe[2].pipe_reg[2][19]' (FD) to 'U0/i_synth/RECIP_OP.OP/i_sp_or_dp.reciprocal_estimate/recip_estimate_delay_balance/i_pipe/opt_has_pipe.i_pipe[2].pipe_reg[2][3]'
INFO: [Synth 8-3886] merging instance 'U0/i_synth/RECIP_OP.OP/i_sp_or_dp.y_reg/i_pipe/opt_has_pipe.i_pipe[2].pipe_reg[2][20]' (FD) to 'U0/i_synth/RECIP_OP.OP/i_sp_or_dp.reciprocal_estimate/recip_estimate_delay_balance/i_pipe/opt_has_pipe.i_pipe[2].pipe_reg[2][4]'
INFO: [Synth 8-3886] merging instance 'U0/i_synth/RECIP_OP.OP/i_sp_or_dp.y_reg/i_pipe/opt_has_pipe.i_pipe[2].pipe_reg[2][21]' (FD) to 'U0/i_synth/RECIP_OP.OP/i_sp_or_dp.reciprocal_estimate/recip_estimate_delay_balance/i_pipe/opt_has_pipe.i_pipe[2].pipe_reg[2][5]'
INFO: [Synth 8-3886] merging instance 'U0/i_synth/RECIP_OP.OP/i_sp_or_dp.y_reg/i_pipe/opt_has_pipe.i_pipe[2].pipe_reg[2][22]' (FD) to 'U0/i_synth/RECIP_OP.OP/i_sp_or_dp.reciprocal_estimate/recip_estimate_delay_balance/i_pipe/opt_has_pipe.i_pipe[2].pipe_reg[2][6]'
INFO: [Synth 8-3886] merging instance 'U0/i_synth/RECIP_OP.OP/sign_and_exponent_delay_balance/i_pipe/opt_has_pipe.i_pipe[7].pipe_reg[7][0]' (FD) to 'U0/i_synth/RECIP_OP.OP/i_sp_or_dp.m_recip_sqrt.m_generation_sp.exponent_lsb_delay_balance/i_pipe/opt_has_pipe.i_pipe[7].pipe_reg[7][0]'
INFO: [Synth 8-3886] merging instance 'U0/i_synth/RECIP_OP.OP/sign_and_exponent_delay_balance/i_pipe/opt_has_pipe.i_pipe[8].pipe_reg[8][0]' (FD) to 'U0/i_synth/RECIP_OP.OP/i_sp_or_dp.m_recip_sqrt.m_generation_sp.exponent_lsb_delay_balance/i_pipe/opt_has_pipe.i_pipe[8].pipe_reg[8][0]'
INFO: [Synth 8-3886] merging instance 'U0/i_synth/RECIP_OP.OP/sign_and_exponent_delay_balance/i_pipe/opt_has_pipe.i_pipe[9].pipe_reg[9][0]' (FD) to 'U0/i_synth/RECIP_OP.OP/i_sp_or_dp.m_recip_sqrt.m_generation_sp.exponent_lsb_delay_balance/i_pipe/opt_has_pipe.i_pipe[9].pipe_reg[9][0]'
INFO: [Synth 8-3886] merging instance 'U0/i_synth/RECIP_OP.OP/sign_and_exponent_delay_balance/i_pipe/opt_has_pipe.i_pipe[10].pipe_reg[10][0]' (FD) to 'U0/i_synth/RECIP_OP.OP/i_sp_or_dp.m_recip_sqrt.m_generation_sp.exponent_lsb_delay_balance/i_pipe/opt_has_pipe.i_pipe[10].pipe_reg[10][0]'
INFO: [Synth 8-3886] merging instance 'U0/i_synth/RECIP_OP.OP/sign_and_exponent_delay_balance/i_pipe/opt_has_pipe.i_pipe[11].pipe_reg[11][0]' (FD) to 'U0/i_synth/RECIP_OP.OP/i_sp_or_dp.m_recip_sqrt.m_generation_sp.exponent_lsb_delay_balance/i_pipe/opt_has_pipe.i_pipe[11].pipe_reg[11][0]'
INFO: [Synth 8-3886] merging instance 'U0/i_synth/RECIP_OP.OP/i_sp_or_dp.a_calculation/multadd/dsp_ls_adder.c_delay_balance/i_pipe/opt_has_pipe.first_q_reg[0]' (FD) to 'U0/i_synth/RECIP_OP.OP/i_sp_or_dp.a_calculation/multadd/dsp_ls_adder.c_delay_balance/i_pipe/opt_has_pipe.first_q_reg[1]'
INFO: [Synth 8-3886] merging instance 'U0/i_synth/RECIP_OP.OP/i_sp_or_dp.a_calculation/multadd/dsp_ls_adder.c_delay_balance/i_pipe/opt_has_pipe.first_q_reg[1]' (FD) to 'U0/i_synth/RECIP_OP.OP/i_sp_or_dp.a_calculation/multadd/dsp_ls_adder.c_delay_balance/i_pipe/opt_has_pipe.first_q_reg[3]'
INFO: [Synth 8-3886] merging instance 'U0/i_synth/RECIP_OP.OP/i_sp_or_dp.a_calculation/multadd/dsp_ls_adder.c_delay_balance/i_pipe/opt_has_pipe.first_q_reg[2]' (FD) to 'U0/i_synth/RECIP_OP.OP/i_sp_or_dp.a_calculation/multadd/dsp_ls_adder.c_delay_balance/i_pipe/opt_has_pipe.first_q_reg[31]'
INFO: [Synth 8-3886] merging instance 'U0/i_synth/RECIP_OP.OP/i_sp_or_dp.a_calculation/multadd/dsp_ls_adder.c_delay_balance/i_pipe/opt_has_pipe.first_q_reg[3]' (FD) to 'U0/i_synth/RECIP_OP.OP/i_sp_or_dp.a_calculation/multadd/dsp_ls_adder.c_delay_balance/i_pipe/opt_has_pipe.first_q_reg[4]'
INFO: [Synth 8-3886] merging instance 'U0/i_synth/RECIP_OP.OP/i_sp_or_dp.a_calculation/multadd/dsp_ls_adder.c_delay_balance/i_pipe/opt_has_pipe.first_q_reg[4]' (FD) to 'U0/i_synth/RECIP_OP.OP/i_sp_or_dp.a_calculation/multadd/dsp_ls_adder.c_delay_balance/i_pipe/opt_has_pipe.first_q_reg[5]'
INFO: [Synth 8-3886] merging instance 'U0/i_synth/RECIP_OP.OP/i_sp_or_dp.a_calculation/multadd/dsp_ls_adder.c_delay_balance/i_pipe/opt_has_pipe.first_q_reg[5]' (FD) to 'U0/i_synth/RECIP_OP.OP/i_sp_or_dp.a_calculation/multadd/dsp_ls_adder.c_delay_balance/i_pipe/opt_has_pipe.first_q_reg[6]'
INFO: [Synth 8-3886] merging instance 'U0/i_synth/RECIP_OP.OP/i_sp_or_dp.a_calculation/multadd/dsp_ls_adder.c_delay_balance/i_pipe/opt_has_pipe.first_q_reg[6]' (FD) to 'U0/i_synth/RECIP_OP.OP/i_sp_or_dp.a_calculation/multadd/dsp_ls_adder.c_delay_balance/i_pipe/opt_has_pipe.first_q_reg[7]'
INFO: [Synth 8-3886] merging instance 'U0/i_synth/RECIP_OP.OP/i_sp_or_dp.a_calculation/multadd/dsp_ls_adder.c_delay_balance/i_pipe/opt_has_pipe.first_q_reg[7]' (FD) to 'U0/i_synth/RECIP_OP.OP/i_sp_or_dp.a_calculation/multadd/dsp_ls_adder.c_delay_balance/i_pipe/opt_has_pipe.first_q_reg[8]'
INFO: [Synth 8-3886] merging instance 'U0/i_synth/RECIP_OP.OP/i_sp_or_dp.a_calculation/multadd/dsp_ls_adder.c_delay_balance/i_pipe/opt_has_pipe.first_q_reg[8]' (FD) to 'U0/i_synth/RECIP_OP.OP/i_sp_or_dp.a_calculation/multadd/dsp_ls_adder.c_delay_balance/i_pipe/opt_has_pipe.first_q_reg[9]'
INFO: [Synth 8-3886] merging instance 'U0/i_synth/RECIP_OP.OP/i_sp_or_dp.a_calculation/multadd/dsp_ls_adder.c_delay_balance/i_pipe/opt_has_pipe.first_q_reg[9]' (FD) to 'U0/i_synth/RECIP_OP.OP/i_sp_or_dp.a_calculation/multadd/dsp_ls_adder.c_delay_balance/i_pipe/opt_has_pipe.first_q_reg[10]'
INFO: [Synth 8-3886] merging instance 'U0/i_synth/RECIP_OP.OP/i_sp_or_dp.a_calculation/multadd/dsp_ls_adder.c_delay_balance/i_pipe/opt_has_pipe.first_q_reg[10]' (FD) to 'U0/i_synth/RECIP_OP.OP/i_sp_or_dp.a_calculation/multadd/dsp_ls_adder.c_delay_balance/i_pipe/opt_has_pipe.first_q_reg[11]'
INFO: [Synth 8-3886] merging instance 'U0/i_synth/RECIP_OP.OP/i_sp_or_dp.a_calculation/multadd/dsp_ls_adder.c_delay_balance/i_pipe/opt_has_pipe.first_q_reg[11]' (FD) to 'U0/i_synth/RECIP_OP.OP/i_sp_or_dp.a_calculation/multadd/dsp_ls_adder.c_delay_balance/i_pipe/opt_has_pipe.first_q_reg[12]'
INFO: [Synth 8-3886] merging instance 'U0/i_synth/RECIP_OP.OP/i_sp_or_dp.a_calculation/multadd/dsp_ls_adder.c_delay_balance/i_pipe/opt_has_pipe.first_q_reg[12]' (FD) to 'U0/i_synth/RECIP_OP.OP/i_sp_or_dp.a_calculation/multadd/dsp_ls_adder.c_delay_balance/i_pipe/opt_has_pipe.first_q_reg[13]'
INFO: [Synth 8-3886] merging instance 'U0/i_synth/RECIP_OP.OP/i_sp_or_dp.a_calculation/multadd/dsp_ls_adder.c_delay_balance/i_pipe/opt_has_pipe.first_q_reg[13]' (FD) to 'U0/i_synth/RECIP_OP.OP/i_sp_or_dp.a_calculation/multadd/dsp_ls_adder.c_delay_balance/i_pipe/opt_has_pipe.first_q_reg[14]'
INFO: [Synth 8-3886] merging instance 'U0/i_synth/RECIP_OP.OP/i_sp_or_dp.a_calculation/multadd/dsp_ls_adder.c_delay_balance/i_pipe/opt_has_pipe.first_q_reg[14]' (FD) to 'U0/i_synth/RECIP_OP.OP/i_sp_or_dp.a_calculation/multadd/dsp_ls_adder.c_delay_balance/i_pipe/opt_has_pipe.first_q_reg[15]'
INFO: [Synth 8-3886] merging instance 'U0/i_synth/RECIP_OP.OP/i_sp_or_dp.a_calculation/multadd/dsp_ls_adder.c_delay_balance/i_pipe/opt_has_pipe.first_q_reg[15]' (FD) to 'U0/i_synth/RECIP_OP.OP/i_sp_or_dp.a_calculation/multadd/dsp_ls_adder.c_delay_balance/i_pipe/opt_has_pipe.first_q_reg[16]'
INFO: [Synth 8-3886] merging instance 'U0/i_synth/RECIP_OP.OP/i_sp_or_dp.a_calculation/multadd/dsp_ls_adder.c_delay_balance/i_pipe/opt_has_pipe.first_q_reg[16]' (FD) to 'U0/i_synth/RECIP_OP.OP/i_sp_or_dp.a_calculation/multadd/dsp_ls_adder.c_delay_balance/i_pipe/opt_has_pipe.first_q_reg[17]'
INFO: [Synth 8-3886] merging instance 'U0/i_synth/RECIP_OP.OP/i_sp_or_dp.a_calculation/multadd/dsp_ls_adder.c_delay_balance/i_pipe/opt_has_pipe.first_q_reg[17]' (FD) to 'U0/i_synth/RECIP_OP.OP/i_sp_or_dp.a_calculation/multadd/dsp_ls_adder.c_delay_balance/i_pipe/opt_has_pipe.first_q_reg[18]'
INFO: [Synth 8-3886] merging instance 'U0/i_synth/RECIP_OP.OP/i_sp_or_dp.a_calculation/multadd/dsp_ls_adder.c_delay_balance/i_pipe/opt_has_pipe.first_q_reg[18]' (FD) to 'U0/i_synth/RECIP_OP.OP/i_sp_or_dp.a_calculation/multadd/dsp_ls_adder.c_delay_balance/i_pipe/opt_has_pipe.first_q_reg[19]'
INFO: [Synth 8-3886] merging instance 'U0/i_synth/RECIP_OP.OP/i_sp_or_dp.a_calculation/multadd/dsp_ls_adder.c_delay_balance/i_pipe/opt_has_pipe.first_q_reg[19]' (FD) to 'U0/i_synth/RECIP_OP.OP/i_sp_or_dp.a_calculation/multadd/dsp_ls_adder.c_delay_balance/i_pipe/opt_has_pipe.first_q_reg[20]'
INFO: [Synth 8-3886] merging instance 'U0/i_synth/RECIP_OP.OP/i_sp_or_dp.a_calculation/multadd/dsp_ls_adder.c_delay_balance/i_pipe/opt_has_pipe.first_q_reg[20]' (FD) to 'U0/i_synth/RECIP_OP.OP/i_sp_or_dp.a_calculation/multadd/dsp_ls_adder.c_delay_balance/i_pipe/opt_has_pipe.first_q_reg[21]'
INFO: [Synth 8-3886] merging instance 'U0/i_synth/RECIP_OP.OP/i_sp_or_dp.a_calculation/multadd/dsp_ls_adder.c_delay_balance/i_pipe/opt_has_pipe.first_q_reg[21]' (FD) to 'U0/i_synth/RECIP_OP.OP/i_sp_or_dp.a_calculation/multadd/dsp_ls_adder.c_delay_balance/i_pipe/opt_has_pipe.first_q_reg[22]'
INFO: [Synth 8-3886] merging instance 'U0/i_synth/RECIP_OP.OP/i_sp_or_dp.a_calculation/multadd/dsp_ls_adder.c_delay_balance/i_pipe/opt_has_pipe.first_q_reg[22]' (FD) to 'U0/i_synth/RECIP_OP.OP/i_sp_or_dp.a_calculation/multadd/dsp_ls_adder.c_delay_balance/i_pipe/opt_has_pipe.first_q_reg[23]'
INFO: [Synth 8-3886] merging instance 'U0/i_synth/RECIP_OP.OP/i_sp_or_dp.a_calculation/multadd/dsp_ls_adder.c_delay_balance/i_pipe/opt_has_pipe.first_q_reg[23]' (FD) to 'U0/i_synth/RECIP_OP.OP/i_sp_or_dp.a_calculation/multadd/dsp_ls_adder.c_delay_balance/i_pipe/opt_has_pipe.first_q_reg[24]'
INFO: [Synth 8-3886] merging instance 'U0/i_synth/RECIP_OP.OP/i_sp_or_dp.a_calculation/multadd/dsp_ls_adder.c_delay_balance/i_pipe/opt_has_pipe.first_q_reg[24]' (FD) to 'U0/i_synth/RECIP_OP.OP/i_sp_or_dp.a_calculation/multadd/dsp_ls_adder.c_delay_balance/i_pipe/opt_has_pipe.first_q_reg[25]'
INFO: [Synth 8-3886] merging instance 'U0/i_synth/RECIP_OP.OP/i_sp_or_dp.a_calculation/multadd/dsp_ls_adder.c_delay_balance/i_pipe/opt_has_pipe.first_q_reg[25]' (FD) to 'U0/i_synth/RECIP_OP.OP/i_sp_or_dp.a_calculation/multadd/dsp_ls_adder.c_delay_balance/i_pipe/opt_has_pipe.first_q_reg[26]'
INFO: [Synth 8-3886] merging instance 'U0/i_synth/RECIP_OP.OP/i_sp_or_dp.a_calculation/multadd/dsp_ls_adder.c_delay_balance/i_pipe/opt_has_pipe.first_q_reg[26]' (FD) to 'U0/i_synth/RECIP_OP.OP/i_sp_or_dp.a_calculation/multadd/dsp_ls_adder.c_delay_balance/i_pipe/opt_has_pipe.first_q_reg[27]'
INFO: [Synth 8-3886] merging instance 'U0/i_synth/RECIP_OP.OP/i_sp_or_dp.a_calculation/multadd/dsp_ls_adder.c_delay_balance/i_pipe/opt_has_pipe.first_q_reg[27]' (FD) to 'U0/i_synth/RECIP_OP.OP/i_sp_or_dp.a_calculation/multadd/dsp_ls_adder.c_delay_balance/i_pipe/opt_has_pipe.first_q_reg[28]'
INFO: [Synth 8-3886] merging instance 'U0/i_synth/RECIP_OP.OP/i_sp_or_dp.a_calculation/multadd/dsp_ls_adder.c_delay_balance/i_pipe/opt_has_pipe.first_q_reg[28]' (FD) to 'U0/i_synth/RECIP_OP.OP/i_sp_or_dp.a_calculation/multadd/dsp_ls_adder.c_delay_balance/i_pipe/opt_has_pipe.first_q_reg[29]'
INFO: [Synth 8-3886] merging instance 'U0/i_synth/RECIP_OP.OP/i_sp_or_dp.a_calculation/multadd/dsp_ls_adder.c_delay_balance/i_pipe/opt_has_pipe.first_q_reg[29]' (FD) to 'U0/i_synth/RECIP_OP.OP/i_sp_or_dp.a_calculation/multadd/dsp_ls_adder.c_delay_balance/i_pipe/opt_has_pipe.first_q_reg[30]'
INFO: [Synth 8-3333] propagating constant 0 across sequential element (U0/i_synth/\RECIP_OP.OP/i_sp_or_dp.a_calculation/multadd/dsp_ls_adder.c_delay_balance/i_pipe/opt_has_pipe.first_q_reg[30] )
INFO: [Synth 8-3886] merging instance 'U0/i_synth/RECIP_OP.OP/i_sp_or_dp.a_calculation/multadd/dsp_ls_adder.c_delay_balance/i_pipe/opt_has_pipe.first_q_reg[31]' (FD) to 'U0/i_synth/RECIP_OP.OP/i_sp_or_dp.a_calculation/multadd/dsp_ls_adder.c_delay_balance/i_pipe/opt_has_pipe.first_q_reg[32]'
INFO: [Synth 8-3886] merging instance 'U0/i_synth/RECIP_OP.OP/i_sp_or_dp.a_calculation/multadd/dsp_ls_adder.c_delay_balance/i_pipe/opt_has_pipe.first_q_reg[32]' (FD) to 'U0/i_synth/RECIP_OP.OP/i_sp_or_dp.a_calculation/multadd/dsp_ls_adder.c_delay_balance/i_pipe/opt_has_pipe.first_q_reg[33]'
INFO: [Synth 8-3886] merging instance 'U0/i_synth/RECIP_OP.OP/i_sp_or_dp.evaluation/a2_ma3_delay_balance/i_pipe/opt_has_pipe.first_q_reg[0]' (FD) to 'U0/i_synth/RECIP_OP.OP/i_sp_or_dp.evaluation/a2_ma2_delay_balance/i_pipe/opt_has_pipe.first_q_reg[0]'
INFO: [Synth 8-3886] merging instance 'U0/i_synth/RECIP_OP.OP/i_sp_or_dp.evaluation/a2_ma3_delay_balance/i_pipe/opt_has_pipe.first_q_reg[1]' (FD) to 'U0/i_synth/RECIP_OP.OP/i_sp_or_dp.evaluation/a2_ma2_delay_balance/i_pipe/opt_has_pipe.first_q_reg[1]'
INFO: [Synth 8-3886] merging instance 'U0/i_synth/RECIP_OP.OP/i_sp_or_dp.evaluation/a2_ma3_delay_balance/i_pipe/opt_has_pipe.first_q_reg[2]' (FD) to 'U0/i_synth/RECIP_OP.OP/i_sp_or_dp.evaluation/a2_ma2_delay_balance/i_pipe/opt_has_pipe.first_q_reg[2]'
INFO: [Synth 8-3886] merging instance 'U0/i_synth/RECIP_OP.OP/i_sp_or_dp.evaluation/a2_ma3_delay_balance/i_pipe/opt_has_pipe.first_q_reg[3]' (FD) to 'U0/i_synth/RECIP_OP.OP/i_sp_or_dp.evaluation/a2_ma2_delay_balance/i_pipe/opt_has_pipe.first_q_reg[3]'
INFO: [Synth 8-3886] merging instance 'U0/i_synth/RECIP_OP.OP/i_sp_or_dp.evaluation/a2_ma3_delay_balance/i_pipe/opt_has_pipe.first_q_reg[4]' (FD) to 'U0/i_synth/RECIP_OP.OP/i_sp_or_dp.evaluation/a2_ma2_delay_balance/i_pipe/opt_has_pipe.first_q_reg[4]'
INFO: [Synth 8-3886] merging instance 'U0/i_synth/RECIP_OP.OP/i_sp_or_dp.evaluation/a2_ma3_delay_balance/i_pipe/opt_has_pipe.first_q_reg[5]' (FD) to 'U0/i_synth/RECIP_OP.OP/i_sp_or_dp.evaluation/a2_ma2_delay_balance/i_pipe/opt_has_pipe.first_q_reg[5]'
INFO: [Synth 8-3886] merging instance 'U0/i_synth/RECIP_OP.OP/i_sp_or_dp.evaluation/a2_ma3_delay_balance/i_pipe/opt_has_pipe.first_q_reg[6]' (FD) to 'U0/i_synth/RECIP_OP.OP/i_sp_or_dp.evaluation/a2_ma2_delay_balance/i_pipe/opt_has_pipe.first_q_reg[6]'
INFO: [Synth 8-3886] merging instance 'U0/i_synth/RECIP_OP.OP/i_sp_or_dp.evaluation/a2_ma3_delay_balance/i_pipe/opt_has_pipe.first_q_reg[7]' (FD) to 'U0/i_synth/RECIP_OP.OP/i_sp_or_dp.evaluation/a2_ma2_delay_balance/i_pipe/opt_has_pipe.first_q_reg[7]'
INFO: [Synth 8-3886] merging instance 'U0/i_synth/RECIP_OP.OP/sign_and_exponent_delay_balance/i_pipe/opt_has_pipe.i_pipe[12].pipe_reg[12][0]' (FD) to 'U0/i_synth/RECIP_OP.OP/i_sp_or_dp.m_recip_sqrt.m_generation_sp.exponent_lsb_delay_balance/i_pipe/opt_has_pipe.i_pipe[12].pipe_reg[12][0]'
INFO: [Synth 8-3886] merging instance 'U0/i_synth/RECIP_OP.OP/i_sp_or_dp.evaluation/a2_ma3_delay_balance/i_pipe/opt_has_pipe.i_pipe[2].pipe_reg[2][0]' (FD) to 'U0/i_synth/RECIP_OP.OP/i_sp_or_dp.evaluation/a2_ma2_delay_balance/i_pipe/opt_has_pipe.i_pipe[2].pipe_reg[2][0]'
INFO: [Synth 8-3886] merging instance 'U0/i_synth/RECIP_OP.OP/i_sp_or_dp.evaluation/a2_ma3_delay_balance/i_pipe/opt_has_pipe.i_pipe[2].pipe_reg[2][1]' (FD) to 'U0/i_synth/RECIP_OP.OP/i_sp_or_dp.evaluation/a2_ma2_delay_balance/i_pipe/opt_has_pipe.i_pipe[2].pipe_reg[2][1]'
INFO: [Synth 8-3886] merging instance 'U0/i_synth/RECIP_OP.OP/i_sp_or_dp.evaluation/a2_ma3_delay_balance/i_pipe/opt_has_pipe.i_pipe[2].pipe_reg[2][2]' (FD) to 'U0/i_synth/RECIP_OP.OP/i_sp_or_dp.evaluation/a2_ma2_delay_balance/i_pipe/opt_has_pipe.i_pipe[2].pipe_reg[2][2]'
INFO: [Synth 8-3886] merging instance 'U0/i_synth/RECIP_OP.OP/i_sp_or_dp.evaluation/a2_ma3_delay_balance/i_pipe/opt_has_pipe.i_pipe[2].pipe_reg[2][3]' (FD) to 'U0/i_synth/RECIP_OP.OP/i_sp_or_dp.evaluation/a2_ma2_delay_balance/i_pipe/opt_has_pipe.i_pipe[2].pipe_reg[2][3]'
INFO: [Synth 8-3886] merging instance 'U0/i_synth/RECIP_OP.OP/i_sp_or_dp.evaluation/a2_ma3_delay_balance/i_pipe/opt_has_pipe.i_pipe[2].pipe_reg[2][4]' (FD) to 'U0/i_synth/RECIP_OP.OP/i_sp_or_dp.evaluation/a2_ma2_delay_balance/i_pipe/opt_has_pipe.i_pipe[2].pipe_reg[2][4]'
INFO: [Synth 8-3886] merging instance 'U0/i_synth/RECIP_OP.OP/i_sp_or_dp.evaluation/a2_ma3_delay_balance/i_pipe/opt_has_pipe.i_pipe[2].pipe_reg[2][5]' (FD) to 'U0/i_synth/RECIP_OP.OP/i_sp_or_dp.evaluation/a2_ma2_delay_balance/i_pipe/opt_has_pipe.i_pipe[2].pipe_reg[2][5]'
INFO: [Synth 8-3886] merging instance 'U0/i_synth/RECIP_OP.OP/i_sp_or_dp.evaluation/a2_ma3_delay_balance/i_pipe/opt_has_pipe.i_pipe[2].pipe_reg[2][6]' (FD) to 'U0/i_synth/RECIP_OP.OP/i_sp_or_dp.evaluation/a2_ma2_delay_balance/i_pipe/opt_has_pipe.i_pipe[2].pipe_reg[2][6]'
INFO: [Synth 8-3886] merging instance 'U0/i_synth/RECIP_OP.OP/i_sp_or_dp.evaluation/a2_ma3_delay_balance/i_pipe/opt_has_pipe.i_pipe[2].pipe_reg[2][7]' (FD) to 'U0/i_synth/RECIP_OP.OP/i_sp_or_dp.evaluation/a2_ma2_delay_balance/i_pipe/opt_has_pipe.i_pipe[2].pipe_reg[2][7]'
INFO: [Synth 8-3886] merging instance 'U0/i_synth/RECIP_OP.OP/sign_and_exponent_delay_balance/i_pipe/opt_has_pipe.i_pipe[13].pipe_reg[13][0]' (FD) to 'U0/i_synth/RECIP_OP.OP/i_sp_or_dp.m_recip_sqrt.m_generation_sp.exponent_lsb_delay_balance/i_pipe/opt_has_pipe.i_pipe[13].pipe_reg[13][0]'
INFO: [Synth 8-3886] merging instance 'U0/i_synth/RECIP_OP.OP/i_sp_or_dp.evaluation/a2_ma3_delay_balance/i_pipe/opt_has_pipe.i_pipe[3].pipe_reg[3][0]' (FD) to 'U0/i_synth/RECIP_OP.OP/i_sp_or_dp.evaluation/a2_ma2_delay_balance/i_pipe/opt_has_pipe.i_pipe[3].pipe_reg[3][0]'
INFO: [Synth 8-3886] merging instance 'U0/i_synth/RECIP_OP.OP/i_sp_or_dp.evaluation/a2_ma3_delay_balance/i_pipe/opt_has_pipe.i_pipe[3].pipe_reg[3][1]' (FD) to 'U0/i_synth/RECIP_OP.OP/i_sp_or_dp.evaluation/a2_ma2_delay_balance/i_pipe/opt_has_pipe.i_pipe[3].pipe_reg[3][1]'
INFO: [Synth 8-3886] merging instance 'U0/i_synth/RECIP_OP.OP/i_sp_or_dp.evaluation/a2_ma3_delay_balance/i_pipe/opt_has_pipe.i_pipe[3].pipe_reg[3][2]' (FD) to 'U0/i_synth/RECIP_OP.OP/i_sp_or_dp.evaluation/a2_ma2_delay_balance/i_pipe/opt_has_pipe.i_pipe[3].pipe_reg[3][2]'
INFO: [Synth 8-3886] merging instance 'U0/i_synth/RECIP_OP.OP/i_sp_or_dp.evaluation/a2_ma3_delay_balance/i_pipe/opt_has_pipe.i_pipe[3].pipe_reg[3][3]' (FD) to 'U0/i_synth/RECIP_OP.OP/i_sp_or_dp.evaluation/a2_ma2_delay_balance/i_pipe/opt_has_pipe.i_pipe[3].pipe_reg[3][3]'
INFO: [Synth 8-3886] merging instance 'U0/i_synth/RECIP_OP.OP/i_sp_or_dp.evaluation/a2_ma3_delay_balance/i_pipe/opt_has_pipe.i_pipe[3].pipe_reg[3][4]' (FD) to 'U0/i_synth/RECIP_OP.OP/i_sp_or_dp.evaluation/a2_ma2_delay_balance/i_pipe/opt_has_pipe.i_pipe[3].pipe_reg[3][4]'
INFO: [Synth 8-3886] merging instance 'U0/i_synth/RECIP_OP.OP/i_sp_or_dp.evaluation/a2_ma3_delay_balance/i_pipe/opt_has_pipe.i_pipe[3].pipe_reg[3][5]' (FD) to 'U0/i_synth/RECIP_OP.OP/i_sp_or_dp.evaluation/a2_ma2_delay_balance/i_pipe/opt_has_pipe.i_pipe[3].pipe_reg[3][5]'
INFO: [Synth 8-3886] merging instance 'U0/i_synth/RECIP_OP.OP/i_sp_or_dp.evaluation/a2_ma3_delay_balance/i_pipe/opt_has_pipe.i_pipe[3].pipe_reg[3][6]' (FD) to 'U0/i_synth/RECIP_OP.OP/i_sp_or_dp.evaluation/a2_ma2_delay_balance/i_pipe/opt_has_pipe.i_pipe[3].pipe_reg[3][6]'
INFO: [Synth 8-3886] merging instance 'U0/i_synth/RECIP_OP.OP/i_sp_or_dp.evaluation/a2_ma3_delay_balance/i_pipe/opt_has_pipe.i_pipe[3].pipe_reg[3][7]' (FD) to 'U0/i_synth/RECIP_OP.OP/i_sp_or_dp.evaluation/a2_ma2_delay_balance/i_pipe/opt_has_pipe.i_pipe[3].pipe_reg[3][7]'
INFO: [Synth 8-3886] merging instance 'U0/i_synth/RECIP_OP.OP/sign_and_exponent_delay_balance/i_pipe/opt_has_pipe.i_pipe[14].pipe_reg[14][0]' (FD) to 'U0/i_synth/RECIP_OP.OP/i_sp_or_dp.m_recip_sqrt.m_generation_sp.exponent_lsb_delay_balance/i_pipe/opt_has_pipe.i_pipe[14].pipe_reg[14][0]'
INFO: [Synth 8-3333] propagating constant 0 across sequential element (U0/i_synth/\RECIP_OP.OP/i_sp_or_dp.evaluation/recip_sqrt_a3.use_reg.gen_reg[9].i_fde )
INFO: [Synth 8-3886] merging instance 'U0/i_synth/RECIP_OP.OP/sign_and_exponent_delay_balance/i_pipe/opt_has_pipe.i_pipe[15].pipe_reg[15][0]' (FD) to 'U0/i_synth/RECIP_OP.OP/i_sp_or_dp.m_recip_sqrt.m_generation_sp.exponent_lsb_delay_balance/i_pipe/opt_has_pipe.i_pipe[15].pipe_reg[15][0]'
INFO: [Synth 8-3332] Sequential element (RECIP_OP.OP/i_sp_or_dp.evaluation/recip_sqrt_a3.use_reg.gen_reg[9].i_fde) is unused and will be removed from module floating_point_v7_1_7_viv.
---------------------------------------------------------------------------------
Finished Cross Boundary and Area Optimization : Time (s): cpu = 00:00:29 ; elapsed = 00:01:03 . Memory (MB): peak = 2374.000 ; gain = 1017.562 ; free physical = 36040 ; free virtual = 43097
---------------------------------------------------------------------------------

Report RTL Partitions: 
+-+--------------+------------+----------+
| |RTL Partition |Replication |Instances |
+-+--------------+------------+----------+
+-+--------------+------------+----------+
---------------------------------------------------------------------------------
Start Applying XDC Timing Constraints
---------------------------------------------------------------------------------
---------------------------------------------------------------------------------
Finished Applying XDC Timing Constraints : Time (s): cpu = 00:00:41 ; elapsed = 00:01:49 . Memory (MB): peak = 2622.836 ; gain = 1266.398 ; free physical = 46111 ; free virtual = 53163
---------------------------------------------------------------------------------
---------------------------------------------------------------------------------
Start Timing Optimization
---------------------------------------------------------------------------------
---------------------------------------------------------------------------------
Finished Timing Optimization : Time (s): cpu = 00:00:42 ; elapsed = 00:01:49 . Memory (MB): peak = 2629.836 ; gain = 1273.398 ; free physical = 46075 ; free virtual = 53127
---------------------------------------------------------------------------------

Report RTL Partitions: 
+-+--------------+------------+----------+
| |RTL Partition |Replication |Instances |
+-+--------------+------------+----------+
+-+--------------+------------+----------+
---------------------------------------------------------------------------------
Start Technology Mapping
---------------------------------------------------------------------------------
---------------------------------------------------------------------------------
Finished Technology Mapping : Time (s): cpu = 00:00:42 ; elapsed = 00:01:50 . Memory (MB): peak = 2651.867 ; gain = 1295.430 ; free physical = 46048 ; free virtual = 53100
---------------------------------------------------------------------------------

Report RTL Partitions: 
+-+--------------+------------+----------+
| |RTL Partition |Replication |Instances |
+-+--------------+------------+----------+
+-+--------------+------------+----------+
---------------------------------------------------------------------------------
Start IO Insertion
---------------------------------------------------------------------------------
---------------------------------------------------------------------------------
Start Flattening Before IO Insertion
---------------------------------------------------------------------------------
---------------------------------------------------------------------------------
Finished Flattening Before IO Insertion
---------------------------------------------------------------------------------
---------------------------------------------------------------------------------
Start Final Netlist Cleanup
---------------------------------------------------------------------------------
---------------------------------------------------------------------------------
Finished Final Netlist Cleanup
---------------------------------------------------------------------------------
---------------------------------------------------------------------------------
Finished IO Insertion : Time (s): cpu = 00:00:42 ; elapsed = 00:01:50 . Memory (MB): peak = 2651.867 ; gain = 1295.430 ; free physical = 46097 ; free virtual = 53150
---------------------------------------------------------------------------------

Report Check Netlist: 
+------+------------------+-------+---------+-------+------------------+
|      |Item              |Errors |Warnings |Status |Description       |
+------+------------------+-------+---------+-------+------------------+
|1     |multi_driven_nets |      0|        0|Passed |Multi driven nets |
+------+------------------+-------+---------+-------+------------------+
---------------------------------------------------------------------------------
Start Renaming Generated Instances
---------------------------------------------------------------------------------
---------------------------------------------------------------------------------
Finished Renaming Generated Instances : Time (s): cpu = 00:00:42 ; elapsed = 00:01:50 . Memory (MB): peak = 2651.867 ; gain = 1295.430 ; free physical = 46097 ; free virtual = 53150
---------------------------------------------------------------------------------

Report RTL Partitions: 
+-+--------------+------------+----------+
| |RTL Partition |Replication |Instances |
+-+--------------+------------+----------+
+-+--------------+------------+----------+
---------------------------------------------------------------------------------
Start Rebuilding User Hierarchy
---------------------------------------------------------------------------------
---------------------------------------------------------------------------------
Finished Rebuilding User Hierarchy : Time (s): cpu = 00:00:42 ; elapsed = 00:01:50 . Memory (MB): peak = 2651.867 ; gain = 1295.430 ; free physical = 46074 ; free virtual = 53126
---------------------------------------------------------------------------------
---------------------------------------------------------------------------------
Start Renaming Generated Ports
---------------------------------------------------------------------------------
---------------------------------------------------------------------------------
Finished Renaming Generated Ports : Time (s): cpu = 00:00:42 ; elapsed = 00:01:50 . Memory (MB): peak = 2651.867 ; gain = 1295.430 ; free physical = 46074 ; free virtual = 53126
---------------------------------------------------------------------------------
---------------------------------------------------------------------------------
Start Handling Custom Attributes
---------------------------------------------------------------------------------
---------------------------------------------------------------------------------
Finished Handling Custom Attributes : Time (s): cpu = 00:00:42 ; elapsed = 00:01:50 . Memory (MB): peak = 2651.867 ; gain = 1295.430 ; free physical = 46074 ; free virtual = 53126
---------------------------------------------------------------------------------
---------------------------------------------------------------------------------
Start Renaming Generated Nets
---------------------------------------------------------------------------------
---------------------------------------------------------------------------------
Finished Renaming Generated Nets : Time (s): cpu = 00:00:42 ; elapsed = 00:01:50 . Memory (MB): peak = 2651.867 ; gain = 1295.430 ; free physical = 46074 ; free virtual = 53126
---------------------------------------------------------------------------------
---------------------------------------------------------------------------------
Start Writing Synthesis Report
---------------------------------------------------------------------------------

Report BlackBoxes: 
+-+--------------+----------+
| |BlackBox name |Instances |
+-+--------------+----------+
+-+--------------+----------+

Report Cell Usage: 
+------+------------------+------+
|      |Cell              |Count |
+------+------------------+------+
|1     |CARRY8            |    17|
|2     |DSP48E1           |     1|
|3     |DSP_ALU           |     2|
|4     |DSP_ALU_1         |     2|
|5     |DSP_ALU_2         |     1|
|6     |DSP_ALU_3         |     3|
|7     |DSP_A_B_DATA      |     5|
|8     |DSP_A_B_DATA_1    |     2|
|9     |DSP_A_B_DATA_2    |     1|
|10    |DSP_C_DATA        |     4|
|11    |DSP_C_DATA_1      |     4|
|12    |DSP_MULTIPLIER    |     8|
|13    |DSP_M_DATA        |     4|
|14    |DSP_M_DATA_1      |     4|
|15    |DSP_OUTPUT_1      |     2|
|16    |DSP_OUTPUT_2      |     5|
|17    |DSP_OUTPUT_3      |     1|
|18    |DSP_PREADD        |     8|
|19    |DSP_PREADD_DATA   |     6|
|20    |DSP_PREADD_DATA_1 |     2|
|21    |LUT1              |    29|
|22    |LUT2              |    57|
|23    |LUT3              |    17|
|24    |LUT4              |    13|
|25    |LUT5              |    25|
|26    |LUT6              |   158|
|27    |MUXF7             |     4|
|28    |MUXF8             |     2|
|29    |SRL16E            |    81|
|30    |SRLC32E           |     9|
|31    |FDE               |    37|
|32    |FDRE              |   270|
|33    |FDSE              |    11|
+------+------------------+------+
---------------------------------------------------------------------------------
Finished Writing Synthesis Report : Time (s): cpu = 00:00:42 ; elapsed = 00:01:50 . Memory (MB): peak = 2651.867 ; gain = 1295.430 ; free physical = 46066 ; free virtual = 53118
---------------------------------------------------------------------------------
Synthesis finished with 0 errors, 0 critical warnings and 89 warnings.
Synthesis Optimization Runtime : Time (s): cpu = 00:00:34 ; elapsed = 00:01:23 . Memory (MB): peak = 2651.867 ; gain = 467.641 ; free physical = 46058 ; free virtual = 53111
Synthesis Optimization Complete : Time (s): cpu = 00:00:43 ; elapsed = 00:01:50 . Memory (MB): peak = 2651.875 ; gain = 1295.430 ; free physical = 46058 ; free virtual = 53111
INFO: [Project 1-571] Translating synthesized netlist
INFO: [Netlist 29-17] Analyzing 69 Unisim elements for replacement
INFO: [Netlist 29-28] Unisim Transformation completed in 0 CPU seconds
INFO: [Project 1-570] Preparing netlist for logic optimization
INFO: [Opt 31-138] Pushed 0 inverter(s) to 0 load pin(s).
Netlist sorting complete. Time (s): cpu = 00:00:00 ; elapsed = 00:00:00 . Memory (MB): peak = 2695.883 ; gain = 0.000 ; free physical = 46030 ; free virtual = 53083
INFO: [Project 1-111] Unisim Transformation Summary:
  A total of 46 instances were transformed.
  DSP48E1 => DSP48E2 (DSP_ALU, DSP_A_B_DATA, DSP_C_DATA, DSP_MULTIPLIER, DSP_M_DATA, DSP_OUTPUT, DSP_PREADD_DATA, DSP_PREADD): 1 instances
  DSP48E2 => DSP48E2 (DSP_ALU, DSP_A_B_DATA, DSP_C_DATA, DSP_MULTIPLIER, DSP_M_DATA, DSP_OUTPUT, DSP_PREADD_DATA, DSP_PREADD): 8 instances
  FDE => FDRE: 37 instances

INFO: [Common 17-83] Releasing license: Synthesis
115 Infos, 103 Warnings, 0 Critical Warnings and 0 Errors encountered.
synth_design completed successfully
synth_design: Time (s): cpu = 00:00:44 ; elapsed = 00:01:51 . Memory (MB): peak = 2695.883 ; gain = 1339.445 ; free physical = 46013 ; free virtual = 53066
Netlist sorting complete. Time (s): cpu = 00:00:00 ; elapsed = 00:00:00 . Memory (MB): peak = 2695.883 ; gain = 0.000 ; free physical = 46013 ; free virtual = 53065
WARNING: [Constraints 18-5210] No constraints selected for write.
Resolution: This message can indicate that there are no constraints for the design, or it can indicate that the used_in flags are set such that the constraints are ignored. This later case is used when running synth_design to not write synthesis constraints to the resulting checkpoint. Instead, project constraints are read when the synthesized design is opened.
INFO: [Common 17-1381] The checkpoint '/home/call_me_utka/Documents/Projects/aes-ultra96-v2-playground/nbody_simulation/nbody/nbodyproj.runs/design_fp_invsqrt_floating_point_0_0_synth_1/design_fp_invsqrt_floating_point_0_0.dcp' has been generated.
INFO: [Coretcl 2-1648] Added synthesis output to IP cache for IP design_fp_invsqrt_floating_point_0_0, cache-ID = 7a03728d9fdc1e11
INFO: [Coretcl 2-1174] Renamed 69 cell refs.
Netlist sorting complete. Time (s): cpu = 00:00:00 ; elapsed = 00:00:00 . Memory (MB): peak = 2719.895 ; gain = 0.000 ; free physical = 46065 ; free virtual = 53118
WARNING: [Constraints 18-5210] No constraints selected for write.
Resolution: This message can indicate that there are no constraints for the design, or it can indicate that the used_in flags are set such that the constraints are ignored. This later case is used when running synth_design to not write synthesis constraints to the resulting checkpoint. Instead, project constraints are read when the synthesized design is opened.
INFO: [Common 17-1381] The checkpoint '/home/call_me_utka/Documents/Projects/aes-ultra96-v2-playground/nbody_simulation/nbody/nbodyproj.runs/design_fp_invsqrt_floating_point_0_0_synth_1/design_fp_invsqrt_floating_point_0_0.dcp' has been generated.
INFO: [runtcl-4] Executing : report_utilization -file design_fp_invsqrt_floating_point_0_0_utilization_synth.rpt -pb design_fp_invsqrt_floating_point_0_0_utilization_synth.pb
INFO: [Common 17-206] Exiting Vivado at Sun Jul 27 12:45:06 2025...
