17:31:12 **** Build of configuration Debug for project IP_Blinker_Application_Project ****
make all 
Building file: ../src/helloworld.c
Invoking: ARM v8 gcc compiler
aarch64-none-elf-gcc -Wall -O0 -g3 -c -fmessage-length=0 -MT"src/helloworld.o" -I/home/call_me_utka/Documents/Projects/aes-ultra96-v2-playground/LED_Blink/design_1_wrapper/export/design_1_wrapper/sw/design_1_wrapper/standalone_psu_cortexa53_0/bspinclude/include -MMD -MP -MF"src/helloworld.d" -MT"src/helloworld.o" -o "src/helloworld.o" "../src/helloworld.c"
Finished building: ../src/helloworld.c
 
Building file: ../src/platform.c
Invoking: ARM v8 gcc compiler
aarch64-none-elf-gcc -Wall -O0 -g3 -c -fmessage-length=0 -MT"src/platform.o" -I/home/call_me_utka/Documents/Projects/aes-ultra96-v2-playground/LED_Blink/design_1_wrapper/export/design_1_wrapper/sw/design_1_wrapper/standalone_psu_cortexa53_0/bspinclude/include -MMD -MP -MF"src/platform.d" -MT"src/platform.o" -o "src/platform.o" "../src/platform.c"
Finished building: ../src/platform.c
 
Building target: IP_Blinker_Application_Project.elf
Invoking: ARM v8 gcc linker
aarch64-none-elf-gcc -Wl,-T -Wl,../src/lscript.ld -L/home/call_me_utka/Documents/Projects/aes-ultra96-v2-playground/LED_Blink/design_1_wrapper/export/design_1_wrapper/sw/design_1_wrapper/standalone_psu_cortexa53_0/bsplib/lib -o "IP_Blinker_Application_Project.elf" ./src/helloworld.o ./src/platform.o   -Wl,--start-group,-lxil,-lgcc,-lc,--end-group
Finished building target: IP_Blinker_Application_Project.elf
 
Invoking: ARM v8 Print Size
aarch64-none-elf-size IP_Blinker_Application_Project.elf  |tee "IP_Blinker_Application_Project.elf.size"
   text	   data	    bss	    dec	    hex	filename
  30228	   2048	  20676	  52952	   ced8	IP_Blinker_Application_Project.elf
Finished building: IP_Blinker_Application_Project.elf.size
 

17:31:13 Build Finished (took 432ms)

