13:54:50 **** Build of configuration Debug for project LED_blink_application ****
make all 
Building file: ../src/helloworld.c
Invoking: ARM v8 gcc compiler
aarch64-none-elf-gcc -Wall -O0 -g3 -c -fmessage-length=0 -MT"src/helloworld.o" -I/home/call_me_utka/Documents/Projects/aes-ultra96-v2-playground/LED_Blink/led_blink_block_design_wrapper/export/led_blink_block_design_wrapper/sw/led_blink_block_design_wrapper/standalone_psu_cortexa53_0/bspinclude/include -MMD -MP -MF"src/helloworld.d" -MT"src/helloworld.o" -o "src/helloworld.o" "../src/helloworld.c"
Finished building: ../src/helloworld.c
 
Building file: ../src/platform.c
Invoking: ARM v8 gcc compiler
aarch64-none-elf-gcc -Wall -O0 -g3 -c -fmessage-length=0 -MT"src/platform.o" -I/home/call_me_utka/Documents/Projects/aes-ultra96-v2-playground/LED_Blink/led_blink_block_design_wrapper/export/led_blink_block_design_wrapper/sw/led_blink_block_design_wrapper/standalone_psu_cortexa53_0/bspinclude/include -MMD -MP -MF"src/platform.d" -MT"src/platform.o" -o "src/platform.o" "../src/platform.c"
Finished building: ../src/platform.c
 
Building target: LED_blink_application.elf
Invoking: ARM v8 gcc linker
aarch64-none-elf-gcc -Wl,-T -Wl,../src/lscript.ld -L/home/call_me_utka/Documents/Projects/aes-ultra96-v2-playground/LED_Blink/led_blink_block_design_wrapper/export/led_blink_block_design_wrapper/sw/led_blink_block_design_wrapper/standalone_psu_cortexa53_0/bsplib/lib -o "LED_blink_application.elf" ./src/helloworld.o ./src/platform.o   -Wl,--start-group,-lxil,-lgcc,-lc,--end-group
Finished building target: LED_blink_application.elf
 
Invoking: ARM v8 Print Size
aarch64-none-elf-size LED_blink_application.elf  |tee "LED_blink_application.elf.size"
   text	   data	    bss	    dec	    hex	filename
  30228	   2048	  20676	  52952	   ced8	LED_blink_application.elf
Finished building: LED_blink_application.elf.size
 

13:54:50 Build Finished (took 383ms)

