Copyright 1986-2018 Xilinx, Inc. All Rights Reserved.
-------------------------------------------------------------------------------------------------
| Tool Version : Vivado v.2018.3 (lin64) Build 2405991 Thu Dec  6 23:36:41 MST 2018
| Date         : Sun Jul 27 13:34:46 2025
| Host         : call-me-utka running 64-bit Ubuntu 22.04.5 LTS
| Command      : report_utilization -file top_utilization_synth.rpt -pb top_utilization_synth.pb
| Design       : top
| Device       : xczu3egsbva484-1
| Design State : Synthesized
-------------------------------------------------------------------------------------------------

Utilization Design Information

Table of Contents
-----------------
1. CLB Logic
1.1 Summary of Registers by Type
2. BLOCKRAM
3. ARITHMETIC
4. I/O
5. CLOCK
6. ADVANCED
7. CONFIGURATION
8. Primitives
9. Black Boxes
10. Instantiated Netlists

1. CLB Logic
------------

+-------------------------+------+-------+-----------+-------+
|        Site Type        | Used | Fixed | Available | Util% |
+-------------------------+------+-------+-----------+-------+
| CLB LUTs*               |  812 |     0 |     70560 |  1.15 |
|   LUT as Logic          |  812 |     0 |     70560 |  1.15 |
|   LUT as Memory         |    0 |     0 |     28800 |  0.00 |
| CLB Registers           | 1514 |     0 |    141120 |  1.07 |
|   Register as Flip Flop | 1514 |     0 |    141120 |  1.07 |
|   Register as Latch     |    0 |     0 |    141120 |  0.00 |
| CARRY8                  |    6 |     0 |      8820 |  0.07 |
| F7 Muxes                |    0 |     0 |     35280 |  0.00 |
| F8 Muxes                |    0 |     0 |     17640 |  0.00 |
| F9 Muxes                |    0 |     0 |      8820 |  0.00 |
+-------------------------+------+-------+-----------+-------+
* Warning! The Final LUT count, after physical optimizations and full implementation, is typically lower. Run opt_design after synthesis, if not already completed, for a more realistic count.


1.1 Summary of Registers by Type
--------------------------------

+-------+--------------+-------------+--------------+
| Total | Clock Enable | Synchronous | Asynchronous |
+-------+--------------+-------------+--------------+
| 0     |            _ |           - |            - |
| 0     |            _ |           - |          Set |
| 0     |            _ |           - |        Reset |
| 0     |            _ |         Set |            - |
| 0     |            _ |       Reset |            - |
| 0     |          Yes |           - |            - |
| 0     |          Yes |           - |          Set |
| 0     |          Yes |           - |        Reset |
| 1     |          Yes |         Set |            - |
| 1513  |          Yes |       Reset |            - |
+-------+--------------+-------------+--------------+


2. BLOCKRAM
-----------

+-------------------+------+-------+-----------+-------+
|     Site Type     | Used | Fixed | Available | Util% |
+-------------------+------+-------+-----------+-------+
| Block RAM Tile    |   44 |     0 |       216 | 20.37 |
|   RAMB36/FIFO*    |   44 |     0 |       216 | 20.37 |
|     RAMB36E2 only |   44 |       |           |       |
|   RAMB18          |    0 |     0 |       432 |  0.00 |
+-------------------+------+-------+-----------+-------+
* Note: Each Block RAM Tile only has one FIFO logic available and therefore can accommodate only one FIFO36E2 or one FIFO18E2. However, if a FIFO18E2 occupies a Block RAM Tile, that tile can still accommodate a RAMB18E2


3. ARITHMETIC
-------------

+-----------+------+-------+-----------+-------+
| Site Type | Used | Fixed | Available | Util% |
+-----------+------+-------+-----------+-------+
| DSPs      |    0 |     0 |       360 |  0.00 |
+-----------+------+-------+-----------+-------+


4. I/O
------

+------------+------+-------+-----------+-------+
|  Site Type | Used | Fixed | Available | Util% |
+------------+------+-------+-----------+-------+
| Bonded IOB |   14 |     0 |        82 | 17.07 |
+------------+------+-------+-----------+-------+


5. CLOCK
--------

+----------------------+------+-------+-----------+-------+
|       Site Type      | Used | Fixed | Available | Util% |
+----------------------+------+-------+-----------+-------+
| GLOBAL CLOCK BUFFERs |    0 |     0 |       196 |  0.00 |
|   BUFGCE             |    0 |     0 |        88 |  0.00 |
|   BUFGCE_DIV         |    0 |     0 |        12 |  0.00 |
|   BUFG_PS            |    0 |     0 |        72 |  0.00 |
|   BUFGCTRL*          |    0 |     0 |        24 |  0.00 |
| PLL                  |    0 |     0 |         6 |  0.00 |
| MMCM                 |    0 |     0 |         3 |  0.00 |
+----------------------+------+-------+-----------+-------+
* Note: Each used BUFGCTRL counts as two global buffer resources. This table does not include global clocking resources, only buffer cell usage. See the Clock Utilization Report (report_clock_utilization) for detailed accounting of global clocking resource availability.


6. ADVANCED
-----------

+-----------+------+-------+-----------+-------+
| Site Type | Used | Fixed | Available | Util% |
+-----------+------+-------+-----------+-------+
| PS8       |    0 |     0 |         1 |  0.00 |
| SYSMONE4  |    0 |     0 |         1 |  0.00 |
+-----------+------+-------+-----------+-------+


7. CONFIGURATION
----------------

+-------------+------+-------+-----------+-------+
|  Site Type  | Used | Fixed | Available | Util% |
+-------------+------+-------+-----------+-------+
| BSCANE2     |    0 |     0 |         4 |  0.00 |
| DNA_PORTE2  |    0 |     0 |         1 |  0.00 |
| EFUSE_USR   |    0 |     0 |         1 |  0.00 |
| FRAME_ECCE4 |    0 |     0 |         1 |  0.00 |
| ICAPE3      |    0 |     0 |         2 |  0.00 |
| MASTER_JTAG |    0 |     0 |         1 |  0.00 |
| STARTUPE3   |    0 |     0 |         1 |  0.00 |
+-------------+------+-------+-----------+-------+


8. Primitives
-------------

+----------+------+---------------------+
| Ref Name | Used | Functional Category |
+----------+------+---------------------+
| FDRE     | 1513 |            Register |
| LUT2     |  775 |                 CLB |
| LUT3     |  197 |                 CLB |
| LUT4     |  128 |                 CLB |
| LUT5     |  126 |                 CLB |
| LUT6     |  125 |                 CLB |
| RAMB36E2 |   44 |           Block Ram |
| LUT1     |   11 |                 CLB |
| INBUF    |   10 |                 I/O |
| IBUFCTRL |   10 |              Others |
| OBUFT    |    6 |                 I/O |
| CARRY8   |    6 |                 CLB |
| OBUF     |    4 |                 I/O |
| FDSE     |    1 |            Register |
+----------+------+---------------------+


9. Black Boxes
--------------

+------------------------------------------+------+
|                 Ref Name                 | Used |
+------------------------------------------+------+
| design_fp_mult_floating_point_0_0        |   79 |
| design_fp_add_floating_point_0_0         |   78 |
| design_fp_invsqrt_floating_point_0_0     |    8 |
| design_fixed_to_float_floating_point_0_0 |    6 |
| design_float_to_fixed_floating_point_0_0 |    3 |
| design_1_zynq_ultra_ps_e_0_0             |    1 |
| design_1_xbar_0                          |    1 |
| design_1_proc_sys_reset_1_0              |    1 |
| design_1_proc_sys_reset_0_0              |    1 |
| design_1_clk_wiz_0_0                     |    1 |
| design_1_axi_uart16550_0_0               |    1 |
| design_1_axi_apb_bridge_0_0              |    1 |
| design_1_auto_pc_0                       |    1 |
| design_1_auto_cc_0                       |    1 |
+------------------------------------------+------+


10. Instantiated Netlists
-------------------------

+----------+------+
| Ref Name | Used |
+----------+------+


