
*** Running vivado
    with args -log design_float_to_fixed_floating_point_0_0.vds -m64 -product Vivado -mode batch -messageDb vivado.pb -notrace -source design_float_to_fixed_floating_point_0_0.tcl


****** Vivado v2018.3 (64-bit)
  **** SW Build 2405991 on Thu Dec  6 23:36:41 MST 2018
  **** IP Build 2404404 on Fri Dec  7 01:43:56 MST 2018
    ** Copyright 1986-2018 Xilinx, Inc. All Rights Reserved.

source design_float_to_fixed_floating_point_0_0.tcl -notrace
Command: synth_design -top design_float_to_fixed_floating_point_0_0 -part xczu3eg-sbva484-1-i -mode out_of_context
Starting synth_design
Attempting to get a license for feature 'Synthesis' and/or device 'xczu3eg'
INFO: [Common 17-349] Got license for feature 'Synthesis' and/or device 'xczu3eg'
INFO: Launching helper process for spawning children vivado processes
INFO: Helper process launched with PID 119577 
---------------------------------------------------------------------------------
Starting RTL Elaboration : Time (s): cpu = 00:00:03 ; elapsed = 00:00:10 . Memory (MB): peak = 1416.652 ; gain = 75.918 ; free physical = 45919 ; free virtual = 52940
---------------------------------------------------------------------------------
INFO: [Synth 8-638] synthesizing module 'design_float_to_fixed_floating_point_0_0' [/home/call_me_utka/Documents/Projects/aes-ultra96-v2-playground/nbody_simulation/nbody/nbodyproj.srcs/sources_1/bd/design_float_to_fixed/ip/design_float_to_fixed_floating_point_0_0/synth/design_float_to_fixed_floating_point_0_0.vhd:69]
	Parameter C_XDEVICEFAMILY bound to: zynquplus - type: string 
	Parameter C_HAS_ADD bound to: 0 - type: integer 
	Parameter C_HAS_SUBTRACT bound to: 0 - type: integer 
	Parameter C_HAS_MULTIPLY bound to: 0 - type: integer 
	Parameter C_HAS_DIVIDE bound to: 0 - type: integer 
	Parameter C_HAS_SQRT bound to: 0 - type: integer 
	Parameter C_HAS_COMPARE bound to: 0 - type: integer 
	Parameter C_HAS_FIX_TO_FLT bound to: 0 - type: integer 
	Parameter C_HAS_FLT_TO_FIX bound to: 1 - type: integer 
	Parameter C_HAS_FLT_TO_FLT bound to: 0 - type: integer 
	Parameter C_HAS_RECIP bound to: 0 - type: integer 
	Parameter C_HAS_RECIP_SQRT bound to: 0 - type: integer 
	Parameter C_HAS_ABSOLUTE bound to: 0 - type: integer 
	Parameter C_HAS_LOGARITHM bound to: 0 - type: integer 
	Parameter C_HAS_EXPONENTIAL bound to: 0 - type: integer 
	Parameter C_HAS_FMA bound to: 0 - type: integer 
	Parameter C_HAS_FMS bound to: 0 - type: integer 
	Parameter C_HAS_ACCUMULATOR_A bound to: 0 - type: integer 
	Parameter C_HAS_ACCUMULATOR_S bound to: 0 - type: integer 
	Parameter C_A_WIDTH bound to: 27 - type: integer 
	Parameter C_A_FRACTION_WIDTH bound to: 19 - type: integer 
	Parameter C_B_WIDTH bound to: 27 - type: integer 
	Parameter C_B_FRACTION_WIDTH bound to: 19 - type: integer 
	Parameter C_C_WIDTH bound to: 27 - type: integer 
	Parameter C_C_FRACTION_WIDTH bound to: 19 - type: integer 
	Parameter C_RESULT_WIDTH bound to: 16 - type: integer 
	Parameter C_RESULT_FRACTION_WIDTH bound to: 0 - type: integer 
	Parameter C_COMPARE_OPERATION bound to: 8 - type: integer 
	Parameter C_LATENCY bound to: 1 - type: integer 
	Parameter C_OPTIMIZATION bound to: 1 - type: integer 
	Parameter C_MULT_USAGE bound to: 0 - type: integer 
	Parameter C_BRAM_USAGE bound to: 0 - type: integer 
	Parameter C_RATE bound to: 1 - type: integer 
	Parameter C_ACCUM_INPUT_MSB bound to: 32 - type: integer 
	Parameter C_ACCUM_MSB bound to: 32 - type: integer 
	Parameter C_ACCUM_LSB bound to: -31 - type: integer 
	Parameter C_HAS_UNDERFLOW bound to: 0 - type: integer 
	Parameter C_HAS_OVERFLOW bound to: 0 - type: integer 
	Parameter C_HAS_INVALID_OP bound to: 0 - type: integer 
	Parameter C_HAS_DIVIDE_BY_ZERO bound to: 0 - type: integer 
	Parameter C_HAS_ACCUM_OVERFLOW bound to: 0 - type: integer 
	Parameter C_HAS_ACCUM_INPUT_OVERFLOW bound to: 0 - type: integer 
	Parameter C_HAS_ACLKEN bound to: 0 - type: integer 
	Parameter C_HAS_ARESETN bound to: 0 - type: integer 
	Parameter C_THROTTLE_SCHEME bound to: 3 - type: integer 
	Parameter C_HAS_A_TUSER bound to: 0 - type: integer 
	Parameter C_HAS_A_TLAST bound to: 0 - type: integer 
	Parameter C_HAS_B bound to: 0 - type: integer 
	Parameter C_HAS_B_TUSER bound to: 0 - type: integer 
	Parameter C_HAS_B_TLAST bound to: 0 - type: integer 
	Parameter C_HAS_C bound to: 0 - type: integer 
	Parameter C_HAS_C_TUSER bound to: 0 - type: integer 
	Parameter C_HAS_C_TLAST bound to: 0 - type: integer 
	Parameter C_HAS_OPERATION bound to: 0 - type: integer 
	Parameter C_HAS_OPERATION_TUSER bound to: 0 - type: integer 
	Parameter C_HAS_OPERATION_TLAST bound to: 0 - type: integer 
	Parameter C_HAS_RESULT_TUSER bound to: 0 - type: integer 
	Parameter C_HAS_RESULT_TLAST bound to: 0 - type: integer 
	Parameter C_TLAST_RESOLUTION bound to: 0 - type: integer 
	Parameter C_A_TDATA_WIDTH bound to: 32 - type: integer 
	Parameter C_A_TUSER_WIDTH bound to: 1 - type: integer 
	Parameter C_B_TDATA_WIDTH bound to: 32 - type: integer 
	Parameter C_B_TUSER_WIDTH bound to: 1 - type: integer 
	Parameter C_C_TDATA_WIDTH bound to: 32 - type: integer 
	Parameter C_C_TUSER_WIDTH bound to: 1 - type: integer 
	Parameter C_OPERATION_TDATA_WIDTH bound to: 8 - type: integer 
	Parameter C_OPERATION_TUSER_WIDTH bound to: 1 - type: integer 
	Parameter C_RESULT_TDATA_WIDTH bound to: 16 - type: integer 
	Parameter C_RESULT_TUSER_WIDTH bound to: 1 - type: integer 
	Parameter C_FIXED_DATA_UNSIGNED bound to: 0 - type: integer 
INFO: [Synth 8-3491] module 'floating_point_v7_1_7' declared at '/home/call_me_utka/Documents/Projects/aes-ultra96-v2-playground/nbody_simulation/nbody/nbodyproj.srcs/sources_1/bd/design_float_to_fixed/ipshared/c63e/hdl/floating_point_v7_1_vh_rfs.vhd:91615' bound to instance 'U0' of component 'floating_point_v7_1_7' [/home/call_me_utka/Documents/Projects/aes-ultra96-v2-playground/nbody_simulation/nbody/nbodyproj.srcs/sources_1/bd/design_float_to_fixed/ip/design_float_to_fixed_floating_point_0_0/synth/design_float_to_fixed_floating_point_0_0.vhd:210]
INFO: [Synth 8-256] done synthesizing module 'design_float_to_fixed_floating_point_0_0' (12#1) [/home/call_me_utka/Documents/Projects/aes-ultra96-v2-playground/nbody_simulation/nbody/nbodyproj.srcs/sources_1/bd/design_float_to_fixed/ip/design_float_to_fixed_floating_point_0_0/synth/design_float_to_fixed_floating_point_0_0.vhd:69]
WARNING: [Synth 8-3331] design xbip_pipe_v3_0_5_viv__parameterized1 has unconnected port CLK
WARNING: [Synth 8-3331] design xbip_pipe_v3_0_5_viv__parameterized1 has unconnected port CE
WARNING: [Synth 8-3331] design xbip_pipe_v3_0_5_viv__parameterized1 has unconnected port SCLR
WARNING: [Synth 8-3331] design xbip_pipe_v3_0_5_viv__parameterized1 has unconnected port SSET
WARNING: [Synth 8-3331] design xbip_pipe_v3_0_5_viv__parameterized1 has unconnected port SINIT
WARNING: [Synth 8-3331] design xbip_pipe_v3_0_5_viv__parameterized17 has unconnected port CLK
WARNING: [Synth 8-3331] design xbip_pipe_v3_0_5_viv__parameterized17 has unconnected port CE
WARNING: [Synth 8-3331] design xbip_pipe_v3_0_5_viv__parameterized17 has unconnected port SCLR
WARNING: [Synth 8-3331] design xbip_pipe_v3_0_5_viv__parameterized17 has unconnected port SSET
WARNING: [Synth 8-3331] design xbip_pipe_v3_0_5_viv__parameterized17 has unconnected port SINIT
WARNING: [Synth 8-3331] design xbip_pipe_v3_0_5_viv__parameterized3 has unconnected port CLK
WARNING: [Synth 8-3331] design xbip_pipe_v3_0_5_viv__parameterized3 has unconnected port CE
WARNING: [Synth 8-3331] design xbip_pipe_v3_0_5_viv__parameterized3 has unconnected port SCLR
WARNING: [Synth 8-3331] design xbip_pipe_v3_0_5_viv__parameterized3 has unconnected port SSET
WARNING: [Synth 8-3331] design xbip_pipe_v3_0_5_viv__parameterized3 has unconnected port SINIT
WARNING: [Synth 8-3331] design carry_chain__parameterized1 has unconnected port B[17]
WARNING: [Synth 8-3331] design xbip_pipe_v3_0_5_viv__parameterized15 has unconnected port CLK
WARNING: [Synth 8-3331] design xbip_pipe_v3_0_5_viv__parameterized15 has unconnected port CE
WARNING: [Synth 8-3331] design xbip_pipe_v3_0_5_viv__parameterized15 has unconnected port SCLR
WARNING: [Synth 8-3331] design xbip_pipe_v3_0_5_viv__parameterized15 has unconnected port SSET
WARNING: [Synth 8-3331] design xbip_pipe_v3_0_5_viv__parameterized15 has unconnected port SINIT
WARNING: [Synth 8-3331] design shift_msb_first has unconnected port A[2]
WARNING: [Synth 8-3331] design shift_msb_first has unconnected port A[1]
WARNING: [Synth 8-3331] design shift_msb_first has unconnected port A[0]
WARNING: [Synth 8-3331] design xbip_pipe_v3_0_5_viv__parameterized13 has unconnected port CLK
WARNING: [Synth 8-3331] design xbip_pipe_v3_0_5_viv__parameterized13 has unconnected port CE
WARNING: [Synth 8-3331] design xbip_pipe_v3_0_5_viv__parameterized13 has unconnected port SCLR
WARNING: [Synth 8-3331] design xbip_pipe_v3_0_5_viv__parameterized13 has unconnected port SSET
WARNING: [Synth 8-3331] design xbip_pipe_v3_0_5_viv__parameterized13 has unconnected port SINIT
WARNING: [Synth 8-3331] design zero_det_sel has unconnected port ZEROS_DET_IP[13]
WARNING: [Synth 8-3331] design zero_det_sel has unconnected port ZEROS_DET_IP[12]
WARNING: [Synth 8-3331] design zero_det_sel has unconnected port ZEROS_DET_IP[11]
WARNING: [Synth 8-3331] design zero_det_sel has unconnected port ZEROS_DET_IP[10]
WARNING: [Synth 8-3331] design zero_det_sel has unconnected port ZEROS_DET_IP[9]
WARNING: [Synth 8-3331] design zero_det_sel has unconnected port ZEROS_DET_IP[8]
WARNING: [Synth 8-3331] design zero_det_sel has unconnected port ZEROS_DET_IP[7]
WARNING: [Synth 8-3331] design zero_det_sel has unconnected port ZEROS_DET_IP[6]
WARNING: [Synth 8-3331] design zero_det_sel has unconnected port ZEROS_DET_IP[5]
WARNING: [Synth 8-3331] design zero_det_sel has unconnected port ZEROS_DET_IP[4]
WARNING: [Synth 8-3331] design zero_det_sel has unconnected port ZEROS_DET_IP[3]
WARNING: [Synth 8-3331] design zero_det_sel has unconnected port ZEROS_DET_IP[2]
WARNING: [Synth 8-3331] design zero_det_sel has unconnected port ZEROS_DET_IP[1]
WARNING: [Synth 8-3331] design zero_det_sel has unconnected port ZEROS_DET_IP[0]
WARNING: [Synth 8-3331] design xbip_pipe_v3_0_5_viv__parameterized7 has unconnected port CLK
WARNING: [Synth 8-3331] design xbip_pipe_v3_0_5_viv__parameterized7 has unconnected port CE
WARNING: [Synth 8-3331] design xbip_pipe_v3_0_5_viv__parameterized7 has unconnected port SCLR
WARNING: [Synth 8-3331] design xbip_pipe_v3_0_5_viv__parameterized7 has unconnected port SSET
WARNING: [Synth 8-3331] design xbip_pipe_v3_0_5_viv__parameterized7 has unconnected port SINIT
WARNING: [Synth 8-3331] design xbip_pipe_v3_0_5_viv__parameterized11 has unconnected port CLK
WARNING: [Synth 8-3331] design xbip_pipe_v3_0_5_viv__parameterized11 has unconnected port CE
WARNING: [Synth 8-3331] design xbip_pipe_v3_0_5_viv__parameterized11 has unconnected port SCLR
WARNING: [Synth 8-3331] design xbip_pipe_v3_0_5_viv__parameterized11 has unconnected port SSET
WARNING: [Synth 8-3331] design xbip_pipe_v3_0_5_viv__parameterized11 has unconnected port SINIT
WARNING: [Synth 8-3331] design xbip_pipe_v3_0_5_viv__parameterized9 has unconnected port CLK
WARNING: [Synth 8-3331] design xbip_pipe_v3_0_5_viv__parameterized9 has unconnected port CE
WARNING: [Synth 8-3331] design xbip_pipe_v3_0_5_viv__parameterized9 has unconnected port SCLR
WARNING: [Synth 8-3331] design xbip_pipe_v3_0_5_viv__parameterized9 has unconnected port SSET
WARNING: [Synth 8-3331] design xbip_pipe_v3_0_5_viv__parameterized9 has unconnected port SINIT
WARNING: [Synth 8-3331] design xbip_pipe_v3_0_5_viv__parameterized5 has unconnected port CLK
WARNING: [Synth 8-3331] design xbip_pipe_v3_0_5_viv__parameterized5 has unconnected port CE
WARNING: [Synth 8-3331] design xbip_pipe_v3_0_5_viv__parameterized5 has unconnected port SCLR
WARNING: [Synth 8-3331] design xbip_pipe_v3_0_5_viv__parameterized5 has unconnected port SSET
WARNING: [Synth 8-3331] design xbip_pipe_v3_0_5_viv__parameterized5 has unconnected port SINIT
WARNING: [Synth 8-3331] design compare_eq_im has unconnected port CARRYS_OUT[0]
WARNING: [Synth 8-3331] design special_detect has unconnected port A[26]
WARNING: [Synth 8-3331] design xbip_pipe_v3_0_5_viv has unconnected port SCLR
WARNING: [Synth 8-3331] design xbip_pipe_v3_0_5_viv has unconnected port SSET
WARNING: [Synth 8-3331] design xbip_pipe_v3_0_5_viv has unconnected port SINIT
WARNING: [Synth 8-3331] design floating_point_v7_1_7_viv has unconnected port m_axis_result_tuser[0]
WARNING: [Synth 8-3331] design floating_point_v7_1_7_viv has unconnected port m_axis_result_tlast
WARNING: [Synth 8-3331] design floating_point_v7_1_7_viv has unconnected port aclken
WARNING: [Synth 8-3331] design floating_point_v7_1_7_viv has unconnected port aresetn
WARNING: [Synth 8-3331] design floating_point_v7_1_7_viv has unconnected port s_axis_a_tdata[31]
WARNING: [Synth 8-3331] design floating_point_v7_1_7_viv has unconnected port s_axis_a_tdata[30]
WARNING: [Synth 8-3331] design floating_point_v7_1_7_viv has unconnected port s_axis_a_tdata[29]
WARNING: [Synth 8-3331] design floating_point_v7_1_7_viv has unconnected port s_axis_a_tdata[28]
WARNING: [Synth 8-3331] design floating_point_v7_1_7_viv has unconnected port s_axis_a_tdata[27]
WARNING: [Synth 8-3331] design floating_point_v7_1_7_viv has unconnected port s_axis_a_tuser[0]
WARNING: [Synth 8-3331] design floating_point_v7_1_7_viv has unconnected port s_axis_a_tlast
WARNING: [Synth 8-3331] design floating_point_v7_1_7_viv has unconnected port s_axis_b_tvalid
WARNING: [Synth 8-3331] design floating_point_v7_1_7_viv has unconnected port s_axis_b_tdata[31]
WARNING: [Synth 8-3331] design floating_point_v7_1_7_viv has unconnected port s_axis_b_tdata[30]
WARNING: [Synth 8-3331] design floating_point_v7_1_7_viv has unconnected port s_axis_b_tdata[29]
WARNING: [Synth 8-3331] design floating_point_v7_1_7_viv has unconnected port s_axis_b_tdata[28]
WARNING: [Synth 8-3331] design floating_point_v7_1_7_viv has unconnected port s_axis_b_tdata[27]
WARNING: [Synth 8-3331] design floating_point_v7_1_7_viv has unconnected port s_axis_b_tdata[26]
WARNING: [Synth 8-3331] design floating_point_v7_1_7_viv has unconnected port s_axis_b_tdata[25]
WARNING: [Synth 8-3331] design floating_point_v7_1_7_viv has unconnected port s_axis_b_tdata[24]
WARNING: [Synth 8-3331] design floating_point_v7_1_7_viv has unconnected port s_axis_b_tdata[23]
WARNING: [Synth 8-3331] design floating_point_v7_1_7_viv has unconnected port s_axis_b_tdata[22]
WARNING: [Synth 8-3331] design floating_point_v7_1_7_viv has unconnected port s_axis_b_tdata[21]
WARNING: [Synth 8-3331] design floating_point_v7_1_7_viv has unconnected port s_axis_b_tdata[20]
WARNING: [Synth 8-3331] design floating_point_v7_1_7_viv has unconnected port s_axis_b_tdata[19]
WARNING: [Synth 8-3331] design floating_point_v7_1_7_viv has unconnected port s_axis_b_tdata[18]
WARNING: [Synth 8-3331] design floating_point_v7_1_7_viv has unconnected port s_axis_b_tdata[17]
WARNING: [Synth 8-3331] design floating_point_v7_1_7_viv has unconnected port s_axis_b_tdata[16]
WARNING: [Synth 8-3331] design floating_point_v7_1_7_viv has unconnected port s_axis_b_tdata[15]
WARNING: [Synth 8-3331] design floating_point_v7_1_7_viv has unconnected port s_axis_b_tdata[14]
WARNING: [Synth 8-3331] design floating_point_v7_1_7_viv has unconnected port s_axis_b_tdata[13]
WARNING: [Synth 8-3331] design floating_point_v7_1_7_viv has unconnected port s_axis_b_tdata[12]
INFO: [Common 17-14] Message 'Synth 8-3331' appears 100 times and further instances of the messages will be disabled. Use the Tcl command set_msg_config to change the current settings.
---------------------------------------------------------------------------------
Finished RTL Elaboration : Time (s): cpu = 00:00:06 ; elapsed = 00:00:20 . Memory (MB): peak = 1505.402 ; gain = 164.668 ; free physical = 43895 ; free virtual = 50917
---------------------------------------------------------------------------------

Report Check Netlist: 
+------+------------------+-------+---------+-------+------------------+
|      |Item              |Errors |Warnings |Status |Description       |
+------+------------------+-------+---------+-------+------------------+
|1     |multi_driven_nets |      0|        0|Passed |Multi driven nets |
+------+------------------+-------+---------+-------+------------------+
---------------------------------------------------------------------------------
Start Handling Custom Attributes
---------------------------------------------------------------------------------
---------------------------------------------------------------------------------
Finished Handling Custom Attributes : Time (s): cpu = 00:00:06 ; elapsed = 00:00:20 . Memory (MB): peak = 1505.402 ; gain = 164.668 ; free physical = 43858 ; free virtual = 50880
---------------------------------------------------------------------------------
---------------------------------------------------------------------------------
Finished RTL Optimization Phase 1 : Time (s): cpu = 00:00:06 ; elapsed = 00:00:20 . Memory (MB): peak = 1505.402 ; gain = 164.668 ; free physical = 43858 ; free virtual = 50880
---------------------------------------------------------------------------------
INFO: [Netlist 29-17] Analyzing 46 Unisim elements for replacement
INFO: [Netlist 29-28] Unisim Transformation completed in 0 CPU seconds
INFO: [Device 21-403] Loading part xczu3eg-sbva484-1-i
INFO: [Project 1-570] Preparing netlist for logic optimization

Processing XDC Constraints
Initializing timing engine
Parsing XDC File [/home/call_me_utka/Documents/Projects/aes-ultra96-v2-playground/nbody_simulation/nbody/nbodyproj.srcs/sources_1/bd/design_float_to_fixed/ip/design_float_to_fixed_floating_point_0_0/design_float_to_fixed_floating_point_0_0_ooc.xdc] for cell 'U0'
Finished Parsing XDC File [/home/call_me_utka/Documents/Projects/aes-ultra96-v2-playground/nbody_simulation/nbody/nbodyproj.srcs/sources_1/bd/design_float_to_fixed/ip/design_float_to_fixed_floating_point_0_0/design_float_to_fixed_floating_point_0_0_ooc.xdc] for cell 'U0'
Parsing XDC File [/home/call_me_utka/Documents/Projects/aes-ultra96-v2-playground/nbody_simulation/nbody/nbodyproj.runs/design_float_to_fixed_floating_point_0_0_synth_1/dont_touch.xdc]
Finished Parsing XDC File [/home/call_me_utka/Documents/Projects/aes-ultra96-v2-playground/nbody_simulation/nbody/nbodyproj.runs/design_float_to_fixed_floating_point_0_0_synth_1/dont_touch.xdc]
Completed Processing XDC Constraints

Netlist sorting complete. Time (s): cpu = 00:00:00 ; elapsed = 00:00:00 . Memory (MB): peak = 2364.262 ; gain = 0.000 ; free physical = 38258 ; free virtual = 45300
INFO: [Project 1-111] Unisim Transformation Summary:
No Unisim elements were transformed.

Netlist sorting complete. Time (s): cpu = 00:00:00 ; elapsed = 00:00:00 . Memory (MB): peak = 2364.262 ; gain = 0.000 ; free physical = 38258 ; free virtual = 45300
Constraint Validation Runtime : Time (s): cpu = 00:00:00.01 ; elapsed = 00:00:00.03 . Memory (MB): peak = 2364.262 ; gain = 0.000 ; free physical = 38258 ; free virtual = 45299
---------------------------------------------------------------------------------
Finished Constraint Validation : Time (s): cpu = 00:00:16 ; elapsed = 00:00:50 . Memory (MB): peak = 2364.262 ; gain = 1023.527 ; free physical = 38167 ; free virtual = 45211
---------------------------------------------------------------------------------
---------------------------------------------------------------------------------
Start Loading Part and Timing Information
---------------------------------------------------------------------------------
Loading part: xczu3eg-sbva484-1-i
INFO: [Synth 8-6742] Reading net delay rules and data
---------------------------------------------------------------------------------
Finished Loading Part and Timing Information : Time (s): cpu = 00:00:16 ; elapsed = 00:00:50 . Memory (MB): peak = 2364.262 ; gain = 1023.527 ; free physical = 38167 ; free virtual = 45211
---------------------------------------------------------------------------------
---------------------------------------------------------------------------------
Start Applying 'set_property' XDC Constraints
---------------------------------------------------------------------------------
Applied set_property DONT_TOUCH = true for U0. (constraint file  /home/call_me_utka/Documents/Projects/aes-ultra96-v2-playground/nbody_simulation/nbody/nbodyproj.runs/design_float_to_fixed_floating_point_0_0_synth_1/dont_touch.xdc, line 9).
---------------------------------------------------------------------------------
Finished applying 'set_property' XDC Constraints : Time (s): cpu = 00:00:16 ; elapsed = 00:00:50 . Memory (MB): peak = 2364.262 ; gain = 1023.527 ; free physical = 38167 ; free virtual = 45211
---------------------------------------------------------------------------------
INFO: [Synth 8-5546] ROM "exp_all_one_ip" won't be mapped to RAM because it is too sparse
INFO: [Synth 8-5546] ROM "exp_all_zero_ip" won't be mapped to RAM because it is too sparse
---------------------------------------------------------------------------------
Finished RTL Optimization Phase 2 : Time (s): cpu = 00:00:16 ; elapsed = 00:00:51 . Memory (MB): peak = 2364.262 ; gain = 1023.527 ; free physical = 38120 ; free virtual = 45164
---------------------------------------------------------------------------------
INFO: [Synth 8-223] decloning instance 'U0/i_synth/DELAY_DIVIDE_BY_ZERO' (delay) to 'U0/i_synth/DELAY_ACCUM_OVERFLOW'
INFO: [Synth 8-223] decloning instance 'U0/i_synth/DELAY_DIVIDE_BY_ZERO' (delay) to 'U0/i_synth/DELAY_ACCUM_INPUT_OVERFLOW'

Report RTL Partitions: 
+-+--------------+------------+----------+
| |RTL Partition |Replication |Instances |
+-+--------------+------------+----------+
+-+--------------+------------+----------+
---------------------------------------------------------------------------------
Start RTL Component Statistics 
---------------------------------------------------------------------------------
---------------------------------------------------------------------------------
Finished RTL Component Statistics 
---------------------------------------------------------------------------------
---------------------------------------------------------------------------------
Start RTL Hierarchical Component Statistics 
---------------------------------------------------------------------------------
---------------------------------------------------------------------------------
Finished RTL Hierarchical Component Statistics
---------------------------------------------------------------------------------
---------------------------------------------------------------------------------
Start Part Resource Summary
---------------------------------------------------------------------------------
Part Resources:
DSPs: 360 (col length:72)
BRAMs: 432 (col length: RAMB18 72 RAMB36 36)
---------------------------------------------------------------------------------
Finished Part Resource Summary
---------------------------------------------------------------------------------
---------------------------------------------------------------------------------
Start Cross Boundary and Area Optimization
---------------------------------------------------------------------------------
Warning: Parallel synthesis criteria is not met 
INFO: [Synth 8-5546] ROM "FLT_TO_FIX_OP.SPD.OP/COND_DET/exp_all_one_ip" won't be mapped to RAM because it is too sparse
INFO: [Synth 8-5546] ROM "FLT_TO_FIX_OP.SPD.OP/COND_DET/exp_all_zero_ip" won't be mapped to RAM because it is too sparse
---------------------------------------------------------------------------------
Finished Cross Boundary and Area Optimization : Time (s): cpu = 00:00:17 ; elapsed = 00:00:51 . Memory (MB): peak = 2364.262 ; gain = 1023.527 ; free physical = 38040 ; free virtual = 45086
---------------------------------------------------------------------------------

Report RTL Partitions: 
+-+--------------+------------+----------+
| |RTL Partition |Replication |Instances |
+-+--------------+------------+----------+
+-+--------------+------------+----------+
---------------------------------------------------------------------------------
Start Applying XDC Timing Constraints
---------------------------------------------------------------------------------
---------------------------------------------------------------------------------
Finished Applying XDC Timing Constraints : Time (s): cpu = 00:00:30 ; elapsed = 00:01:39 . Memory (MB): peak = 2599.098 ; gain = 1258.363 ; free physical = 43744 ; free virtual = 50799
---------------------------------------------------------------------------------
---------------------------------------------------------------------------------
Start Timing Optimization
---------------------------------------------------------------------------------
---------------------------------------------------------------------------------
Finished Timing Optimization : Time (s): cpu = 00:00:30 ; elapsed = 00:01:39 . Memory (MB): peak = 2599.098 ; gain = 1258.363 ; free physical = 43744 ; free virtual = 50799
---------------------------------------------------------------------------------

Report RTL Partitions: 
+-+--------------+------------+----------+
| |RTL Partition |Replication |Instances |
+-+--------------+------------+----------+
+-+--------------+------------+----------+
---------------------------------------------------------------------------------
Start Technology Mapping
---------------------------------------------------------------------------------
---------------------------------------------------------------------------------
Finished Technology Mapping : Time (s): cpu = 00:00:30 ; elapsed = 00:01:39 . Memory (MB): peak = 2619.137 ; gain = 1278.402 ; free physical = 43721 ; free virtual = 50776
---------------------------------------------------------------------------------

Report RTL Partitions: 
+-+--------------+------------+----------+
| |RTL Partition |Replication |Instances |
+-+--------------+------------+----------+
+-+--------------+------------+----------+
---------------------------------------------------------------------------------
Start IO Insertion
---------------------------------------------------------------------------------
---------------------------------------------------------------------------------
Start Flattening Before IO Insertion
---------------------------------------------------------------------------------
---------------------------------------------------------------------------------
Finished Flattening Before IO Insertion
---------------------------------------------------------------------------------
---------------------------------------------------------------------------------
Start Final Netlist Cleanup
---------------------------------------------------------------------------------
---------------------------------------------------------------------------------
Finished Final Netlist Cleanup
---------------------------------------------------------------------------------
---------------------------------------------------------------------------------
Finished IO Insertion : Time (s): cpu = 00:00:30 ; elapsed = 00:01:40 . Memory (MB): peak = 2619.137 ; gain = 1278.402 ; free physical = 43700 ; free virtual = 50755
---------------------------------------------------------------------------------

Report Check Netlist: 
+------+------------------+-------+---------+-------+------------------+
|      |Item              |Errors |Warnings |Status |Description       |
+------+------------------+-------+---------+-------+------------------+
|1     |multi_driven_nets |      0|        0|Passed |Multi driven nets |
+------+------------------+-------+---------+-------+------------------+
---------------------------------------------------------------------------------
Start Renaming Generated Instances
---------------------------------------------------------------------------------
---------------------------------------------------------------------------------
Finished Renaming Generated Instances : Time (s): cpu = 00:00:30 ; elapsed = 00:01:40 . Memory (MB): peak = 2619.137 ; gain = 1278.402 ; free physical = 43700 ; free virtual = 50755
---------------------------------------------------------------------------------

Report RTL Partitions: 
+-+--------------+------------+----------+
| |RTL Partition |Replication |Instances |
+-+--------------+------------+----------+
+-+--------------+------------+----------+
---------------------------------------------------------------------------------
Start Rebuilding User Hierarchy
---------------------------------------------------------------------------------
---------------------------------------------------------------------------------
Finished Rebuilding User Hierarchy : Time (s): cpu = 00:00:30 ; elapsed = 00:01:40 . Memory (MB): peak = 2619.137 ; gain = 1278.402 ; free physical = 43700 ; free virtual = 50755
---------------------------------------------------------------------------------
---------------------------------------------------------------------------------
Start Renaming Generated Ports
---------------------------------------------------------------------------------
---------------------------------------------------------------------------------
Finished Renaming Generated Ports : Time (s): cpu = 00:00:30 ; elapsed = 00:01:40 . Memory (MB): peak = 2619.137 ; gain = 1278.402 ; free physical = 43699 ; free virtual = 50754
---------------------------------------------------------------------------------
---------------------------------------------------------------------------------
Start Handling Custom Attributes
---------------------------------------------------------------------------------
---------------------------------------------------------------------------------
Finished Handling Custom Attributes : Time (s): cpu = 00:00:30 ; elapsed = 00:01:40 . Memory (MB): peak = 2619.137 ; gain = 1278.402 ; free physical = 43699 ; free virtual = 50754
---------------------------------------------------------------------------------
---------------------------------------------------------------------------------
Start Renaming Generated Nets
---------------------------------------------------------------------------------
---------------------------------------------------------------------------------
Finished Renaming Generated Nets : Time (s): cpu = 00:00:30 ; elapsed = 00:01:40 . Memory (MB): peak = 2619.137 ; gain = 1278.402 ; free physical = 43699 ; free virtual = 50754
---------------------------------------------------------------------------------
---------------------------------------------------------------------------------
Start Writing Synthesis Report
---------------------------------------------------------------------------------

Report BlackBoxes: 
+-+--------------+----------+
| |BlackBox name |Instances |
+-+--------------+----------+
+-+--------------+----------+

Report Cell Usage: 
+------+------+------+
|      |Cell  |Count |
+------+------+------+
|1     |LUT2  |     3|
|2     |LUT3  |     8|
|3     |LUT4  |    33|
|4     |LUT5  |    12|
|5     |LUT6  |    26|
|6     |MUXCY |    21|
|7     |MUXF7 |     2|
|8     |MUXF8 |     1|
|9     |XORCY |    16|
|10    |FDRE  |    17|
+------+------+------+
---------------------------------------------------------------------------------
Finished Writing Synthesis Report : Time (s): cpu = 00:00:30 ; elapsed = 00:01:40 . Memory (MB): peak = 2619.137 ; gain = 1278.402 ; free physical = 43699 ; free virtual = 50754
---------------------------------------------------------------------------------
Synthesis finished with 0 errors, 0 critical warnings and 91 warnings.
Synthesis Optimization Runtime : Time (s): cpu = 00:00:22 ; elapsed = 00:01:12 . Memory (MB): peak = 2619.137 ; gain = 419.543 ; free physical = 43698 ; free virtual = 50753
Synthesis Optimization Complete : Time (s): cpu = 00:00:30 ; elapsed = 00:01:40 . Memory (MB): peak = 2619.145 ; gain = 1278.402 ; free physical = 43698 ; free virtual = 50753
INFO: [Project 1-571] Translating synthesized netlist
INFO: [Netlist 29-17] Analyzing 40 Unisim elements for replacement
INFO: [Netlist 29-28] Unisim Transformation completed in 0 CPU seconds
INFO: [Project 1-570] Preparing netlist for logic optimization
INFO: [Opt 31-138] Pushed 0 inverter(s) to 0 load pin(s).
Netlist sorting complete. Time (s): cpu = 00:00:00 ; elapsed = 00:00:00 . Memory (MB): peak = 2662.152 ; gain = 0.000 ; free physical = 43736 ; free virtual = 50791
INFO: [Project 1-111] Unisim Transformation Summary:
  A total of 4 instances were transformed.
  (CARRY4) => CARRY8: 4 instances

INFO: [Common 17-83] Releasing license: Synthesis
24 Infos, 100 Warnings, 0 Critical Warnings and 0 Errors encountered.
synth_design completed successfully
synth_design: Time (s): cpu = 00:00:31 ; elapsed = 00:01:40 . Memory (MB): peak = 2662.152 ; gain = 1332.953 ; free physical = 43729 ; free virtual = 50783
Netlist sorting complete. Time (s): cpu = 00:00:00 ; elapsed = 00:00:00 . Memory (MB): peak = 2662.152 ; gain = 0.000 ; free physical = 43729 ; free virtual = 50783
WARNING: [Constraints 18-5210] No constraints selected for write.
Resolution: This message can indicate that there are no constraints for the design, or it can indicate that the used_in flags are set such that the constraints are ignored. This later case is used when running synth_design to not write synthesis constraints to the resulting checkpoint. Instead, project constraints are read when the synthesized design is opened.
INFO: [Common 17-1381] The checkpoint '/home/call_me_utka/Documents/Projects/aes-ultra96-v2-playground/nbody_simulation/nbody/nbodyproj.runs/design_float_to_fixed_floating_point_0_0_synth_1/design_float_to_fixed_floating_point_0_0.dcp' has been generated.
INFO: [Coretcl 2-1648] Added synthesis output to IP cache for IP design_float_to_fixed_floating_point_0_0, cache-ID = 232569908560812a
INFO: [Coretcl 2-1174] Renamed 8 cell refs.
Netlist sorting complete. Time (s): cpu = 00:00:00 ; elapsed = 00:00:00 . Memory (MB): peak = 2686.164 ; gain = 0.000 ; free physical = 43599 ; free virtual = 50654
WARNING: [Constraints 18-5210] No constraints selected for write.
Resolution: This message can indicate that there are no constraints for the design, or it can indicate that the used_in flags are set such that the constraints are ignored. This later case is used when running synth_design to not write synthesis constraints to the resulting checkpoint. Instead, project constraints are read when the synthesized design is opened.
INFO: [Common 17-1381] The checkpoint '/home/call_me_utka/Documents/Projects/aes-ultra96-v2-playground/nbody_simulation/nbody/nbodyproj.runs/design_float_to_fixed_floating_point_0_0_synth_1/design_float_to_fixed_floating_point_0_0.dcp' has been generated.
INFO: [runtcl-4] Executing : report_utilization -file design_float_to_fixed_floating_point_0_0_utilization_synth.rpt -pb design_float_to_fixed_floating_point_0_0_utilization_synth.pb
INFO: [Common 17-206] Exiting Vivado at Sun Jul 27 12:44:55 2025...
